Component: ARM Compiler 5.06 update 7 (build 960) Tool: armlink [4d3601]

==============================================================================

Section Cross References

    chassis_task.o(i.Chassis_ControlLoop) refers to bsp_encoder.o(i.Encoder_GetLeftSpeed_mm_s) for Encoder_GetLeftSpeed_mm_s
    chassis_task.o(i.Chassis_ControlLoop) refers to bsp_encoder.o(i.Encoder_GetRightSpeed_mm_s) for Encoder_GetRightSpeed_mm_s
    chassis_task.o(i.Chassis_ControlLoop) refers to pid.o(i.PID_Compute) for PID_Compute
    chassis_task.o(i.Chassis_ControlLoop) refers to bsp_callbacks.o(i.GyroHold_ComputeW) for GyroHold_ComputeW
    chassis_task.o(i.Chassis_ControlLoop) refers to bsp_motor.o(i.Motor_SetBoth) for Motor_SetBoth
    chassis_task.o(i.Chassis_ControlLoop) refers to kinematics.o(i.Kinematics_Forward) for Kinematics_Forward
    chassis_task.o(i.Chassis_ControlLoop) refers to chassis_task.o(.data) for .data
    chassis_task.o(i.Chassis_ControlLoop) refers to chassis_task.o(.bss) for .bss
    chassis_task.o(i.Chassis_EmergencyStop) refers to bsp_motor.o(i.Motor_ActiveBrake) for Motor_ActiveBrake
    chassis_task.o(i.Chassis_EmergencyStop) refers to pid.o(i.PID_Reset) for PID_Reset
    chassis_task.o(i.Chassis_EmergencyStop) refers to chassis_task.o(.bss) for .bss
    chassis_task.o(i.Chassis_EmergencyStop) refers to chassis_task.o(.data) for .data
    chassis_task.o(i.Chassis_GetVelocity) refers to chassis_task.o(.data) for .data
    chassis_task.o(i.Chassis_Init) refers to pid.o(i.PID_Init) for PID_Init
    chassis_task.o(i.Chassis_Init) refers to bsp_encoder.o(i.Encoder_Init) for Encoder_Init
    chassis_task.o(i.Chassis_Init) refers to bsp_motor.o(i.Motor_Init) for Motor_Init
    chassis_task.o(i.Chassis_Init) refers to chassis_task.o(.bss) for .bss
    chassis_task.o(i.Chassis_Init) refers to chassis_task.o(.data) for .data
    chassis_task.o(i.Chassis_PID_Enable) refers to chassis_task.o(i.Chassis_EmergencyStop) for Chassis_EmergencyStop
    chassis_task.o(i.Chassis_PID_Enable) refers to chassis_task.o(.data) for .data
    chassis_task.o(i.Chassis_SetLeftTrim) refers to chassis_task.o(.data) for .data
    chassis_task.o(i.Chassis_SetTarget) refers to kinematics.o(i.Kinematics_Inverse) for Kinematics_Inverse
    chassis_task.o(i.Chassis_SetTarget) refers to pid.o(i.PID_SetTarget) for PID_SetTarget
    chassis_task.o(i.Chassis_SetTarget) refers to chassis_task.o(.data) for .data
    chassis_task.o(i.Chassis_SetTarget) refers to chassis_task.o(.bss) for .bss
    pid.o(i.PID_Compute) refers to pid.o(i.clamp) for clamp
    pid.o(i.PID_Init) refers to pid.o(i.PID_Reset) for PID_Reset
    app_init.o(i.App_Init) refers to chassis_task.o(i.Chassis_Init) for Chassis_Init
    app_init.o(i.App_Init) refers to app_navigate.o(i.APP_Navigate_Init) for APP_Navigate_Init
    app_init.o(i.App_Init) refers to coord_solver.o(i.CoordSolver_Init) for CoordSolver_Init
    app_init.o(i.App_Init) refers to coord_solver.o(i.CoordSolver_SetAnchors) for CoordSolver_SetAnchors
    app_init.o(i.App_Init) refers to map_manager.o(i.Map_Init) for Map_Init
    app_init.o(i.App_Init) refers to map_manager.o(i.Map_LoadDefault) for Map_LoadDefault
    app_init.o(i.App_Init) refers to path_planner.o(i.Path_Init) for Path_Init
    app_init.o(i.App_Init) refers to bsp_uart.o(i.HostUART_Init) for HostUART_Init
    app_init.o(i.App_Init) refers to bsp_uwb.o(i.UWB_Init) for UWB_Init
    app_init.o(i.App_Init) refers to bsp_lidar.o(i.Lidar_Init) for Lidar_Init
    app_init.o(i.App_Init) refers to mpu6050.o(i.MPU6050_Init) for MPU6050_Init
    app_init.o(i.App_Init) refers to printfa.o(i.__0printf) for __2printf
    app_init.o(i.App_Init) refers to stm32f4xx_hal_tim.o(i.HAL_TIM_Base_Start_IT) for HAL_TIM_Base_Start_IT
    app_init.o(i.App_Init) refers to bsp_lidar.o(i.Lidar_MotorOn) for Lidar_MotorOn
    app_init.o(i.App_Init) refers to bsp_callbacks.o(i.Gyro_Enable) for Gyro_Enable
    app_init.o(i.App_Init) refers to bsp_callbacks.o(i.GyroHold_Calibrate) for GyroHold_Calibrate
    app_init.o(i.App_Init) refers to i2c.o(.bss) for hi2c1
    app_init.o(i.App_Init) refers to tim.o(.bss) for htim4
    app_navigate.o(i.APP_Navigate_Init) refers to memseta.o(.text) for __aeabi_memclr4
    app_navigate.o(i.APP_Navigate_Init) refers to app_navigate.o(.bss) for .bss
    app_navigate.o(i.APP_Navigate_Init) refers to app_navigate.o(.data) for .data
    app_navigate.o(i.APP_Navigate_Stop) refers to chassis_task.o(i.Chassis_EmergencyStop) for Chassis_EmergencyStop
    app_navigate.o(i.APP_Navigate_Stop) refers to app_navigate.o(.data) for .data
    app_navigate.o(i.APP_Navigate_Update) refers to app_navigate.o(i.Nav_UpdatePose) for Nav_UpdatePose
    app_navigate.o(i.APP_Navigate_Update) refers to printfa.o(i.__0printf) for __2printf
    app_navigate.o(i.APP_Navigate_Update) refers to path_planner.o(i.Path_Advance) for Path_Advance
    app_navigate.o(i.APP_Navigate_Update) refers to app_navigate.o(i.Nav_EnterState) for Nav_EnterState
[...]
    active_bank                              0x200000eb   Data           1  bsp_lidar.o(.data)
    dma_read_pos                             0x200000ec   Data           2  bsp_lidar.o(.data)
    scan_ready                               0x200000ee   Data           2  bsp_lidar.o(.data)
    scan_count                               0x200000f0   Data           4  bsp_lidar.o(.data)
    .data                                    0x200000f4   Section       12  bsp_uart.o(.data)
    rx_state                                 0x200000f4   Data           1  bsp_uart.o(.data)
    rx_cmd                                   0x200000f5   Data           1  bsp_uart.o(.data)
    rx_len                                   0x200000f6   Data           1  bsp_uart.o(.data)
    rx_idx                                   0x200000f7   Data           1  bsp_uart.o(.data)
    text_idx                                 0x200000f9   Data           1  bsp_uart.o(.data)
    text_need_y                              0x200000fa   Data           1  bsp_uart.o(.data)
    text_last_ms                             0x200000fc   Data           4  bsp_uart.o(.data)
    .data                                    0x20000100   Section       72  bsp_uwb.o(.data)
    has_last                                 0x20000100   Data           1  bsp_uwb.o(.data)
    fi                                       0x20000102   Data           1  bsp_uwb.o(.data)
    rssiA                                    0x20000103   Data           1  bsp_uwb.o(.data)
    rssiB                                    0x20000104   Data           1  bsp_uwb.o(.data)
    rssiC                                    0x20000105   Data           1  bsp_uwb.o(.data)
    okA                                      0x20000106   Data           1  bsp_uwb.o(.data)
    okB                                      0x20000107   Data           1  bsp_uwb.o(.data)
    okC                                      0x20000108   Data           1  bsp_uwb.o(.data)
    last_x                                   0x20000118   Data           4  bsp_uwb.o(.data)
    last_y                                   0x2000011c   Data           4  bsp_uwb.o(.data)
    last_valid_ms                            0x20000120   Data           4  bsp_uwb.o(.data)
    ftot                                     0x20000124   Data           4  bsp_uwb.o(.data)
    ea                                       0x20000128   Data           4  bsp_uwb.o(.data)
    eb                                       0x2000012c   Data           4  bsp_uwb.o(.data)
    ec                                       0x20000130   Data           4  bsp_uwb.o(.data)
    msA                                      0x20000134   Data           4  bsp_uwb.o(.data)
    msB                                      0x20000138   Data           4  bsp_uwb.o(.data)
    msC                                      0x2000013c   Data           4  bsp_uwb.o(.data)
    frame                                    0x20000140   Data           8  bsp_uwb.o(.data)
    .data                                    0x20000148   Section      152  mpu6050.o(.data)
    .data                                    0x200001e0   Section       20  main.o(.data)
    last_imu                                 0x200001e0   Data           4  main.o(.data)
    last_lidar                               0x200001e4   Data           4  main.o(.data)
    last_lidar_ok                            0x200001e8   Data           4  main.o(.data)
    last_nav                                 0x200001ec   Data           4  main.o(.data)
    last_diag                                0x200001f0   Data           4  main.o(.data)
    .data                                    0x200001f4   Section       12  stm32f4xx_hal.o(.data)
    .data                                    0x20000200   Section        4  system_stm32f4xx.o(.data)
    .data                                    0x20000204   Section        4  stdout.o(.data)
    .data                                    0x20000208   Section        4  errno.o(.data)
    _errno                                   0x20000208   Data           4  errno.o(.data)
    .bss                                     0x2000020c   Section      120  chassis_task.o(.bss)
    pid_left                                 0x2000020c   Data          60  chassis_task.o(.bss)
    pid_right                                0x20000248   Data          60  chassis_task.o(.bss)
    .bss                                     0x20000284   Section      176  app_navigate.o(.bss)
    seg_dists                                0x20000294   Data         160  app_navigate.o(.bss)
    .bss                                     0x20000334   Section       76  coord_solver.o(.bss)
    solver                                   0x20000334   Data          76  coord_solver.o(.bss)
    .bss                                     0x20000380   Section    11024  map_manager.o(.bss)
    map                                      0x20000380   Data       11024  map_manager.o(.bss)
    .bss                                     0x20002e90   Section     1828  path_planner.o(.bss)
    nodes                                    0x20002e90   Data        1260  path_planner.o(.bss)
    g                                        0x2000337c   Data         140  path_planner.o(.bss)
    parent                                   0x20003408   Data          35  path_planner.o(.bss)
    open_set                                 0x2000342b   Data          35  path_planner.o(.bss)
    closed_set                               0x2000344e   Data          35  path_planner.o(.bss)
    waypoints                                0x20003474   Data         320  path_planner.o(.bss)
    .bss                                     0x200035b4   Section    72312  bsp_lidar.o(.bss)
    dma_buf                                  0x200035b4   Data        7448  bsp_lidar.o(.bss)
    pkt_buf                                  0x200052cc   Data          64  bsp_lidar.o(.bss)
    scan_buf                                 0x2000530c   Data       64800  bsp_lidar.o(.bss)
    .bss                                     0x2001502c   Section       96  bsp_uart.o(.bss)
    rx_buf                                   0x2001502c   Data          64  bsp_uart.o(.bss)
    text_line                                0x2001506c   Data          32  bsp_uart.o(.bss)
    .bss                                     0x2001508c   Section       56  bsp_uwb.o(.bss)
    .bss                                     0x200150c8   Section       96  mpu6050.o(.bss)
    .bss                                     0x20015128   Section       84  i2c.o(.bss)
    .bss                                     0x2001517c   Section      360  tim.o(.bss)
    .bss                                     0x200152e4   Section      408  usart.o(.bss)
    STACK                                    0x20015480   Section     1024  startup_stm32f411xe.o(STACK)

    Global Symbols

    Symbol Name                              Value     Ov Type        Size  Object(Section)

    BuildAttributes$$THM_ISAv4$E$P$D$K$B$S$7EM$VFPi3$EXTD16$VFPS$VFMA$PE$A:L22UL41UL21$X:L11$S22US41US21$IEEE1$IW$USESV6$~STKCKD$USESV7$~SHL$OTIME$ROPI$IEEEX$EBA8$MICROLIB$REQ8$PRES8$EABIv2 0x00000000   Number         0  anon$$obj.o ABSOLUTE
    __ARM_use_no_argv                        0x00000000   Number         0  main.o ABSOLUTE
    _printf_a                                0x00000000   Number         0  stubs.o ABSOLUTE
    _printf_c                                0x00000000   Number         0  stubs.o ABSOLUTE
    _printf_charcount                        0x00000000   Number         0  stubs.o ABSOLUTE
    _printf_d                                0x00000000   Number         0  stubs.o ABSOLUTE
    _printf_e                                0x00000000   Number         0  stubs.o ABSOLUTE
    _printf_f                                0x00000000   Number         0  stubs.o ABSOLUTE
    _printf_flags                            0x00000000   Number         0  stubs.o ABSOLUTE
    _printf_fp_dec                           0x00000000   Number         0  stubs.o ABSOLUTE
    _printf_fp_hex                           0x00000000   Number         0  stubs.o ABSOLUTE
    _printf_g                                0x00000000   Number         0  stubs.o ABSOLUTE
    _printf_i                                0x00000000   Number         0  stubs.o ABSOLUTE
    _printf_int_dec                          0x00000000   Number         0  stubs.o ABSOLUTE
    _printf_l                                0x00000000   Number         0  stubs.o ABSOLUTE
    _printf_lc                               0x00000000   Number         0  stubs.o ABSOLUTE
    _printf_ll                               0x00000000   Number         0  stubs.o ABSOLUTE
    _printf_lld                              0x00000000   Number         0  stubs.o ABSOLUTE
    _printf_lli                              0x00000000   Number         0  stubs.o ABSOLUTE
    _printf_llo                              0x00000000   Number         0  stubs.o ABSOLUTE
    _printf_llu                              0x00000000   Number         0  stubs.o ABSOLUTE
    _printf_llx                              0x00000000   Number         0  stubs.o ABSOLUTE
    _printf_longlong_dec                     0x00000000   Number         0  stubs.o ABSOLUTE
    _printf_longlong_hex                     0x00000000   Number         0  stubs.o ABSOLUTE
    _printf_longlong_oct                     0x00000000   Number         0  stubs.o ABSOLUTE
    _printf_ls                               0x00000000   Number         0  stubs.o ABSOLUTE
    _printf_mbtowc                           0x00000000   Number         0  stubs.o ABSOLUTE
    _printf_n                                0x00000000   Number         0  stubs.o ABSOLUTE
    _printf_o                                0x00000000   Number         0  stubs.o ABSOLUTE
    _printf_p                                0x00000000   Number         0  stubs.o ABSOLUTE
    _printf_percent                          0x00000000   Number         0  stubs.o ABSOLUTE
    _printf_pre_padding                      0x00000000   Number         0  stubs.o ABSOLUTE
    _printf_return_value                     0x00000000   Number         0  stubs.o ABSOLUTE
    _printf_s                                0x00000000   Number         0  stubs.o ABSOLUTE
    _printf_sizespec                         0x00000000   Number         0  stubs.o ABSOLUTE
    _printf_str                              0x00000000   Number         0  stubs.o ABSOLUTE
    _printf_truncate_signed                  0x00000000   Number         0  stubs.o ABSOLUTE
    _printf_truncate_unsigned                0x00000000   Number         0  stubs.o ABSOLUTE
    _printf_u                                0x00000000   Number         0  stubs.o ABSOLUTE
    _printf_wc                               0x00000000   Number         0  stubs.o ABSOLUTE
    _printf_wctomb                           0x00000000   Number         0  stubs.o ABSOLUTE
    _printf_widthprec                        0x00000000   Number         0  stubs.o ABSOLUTE
    _printf_x                                0x00000000   Number         0  stubs.o ABSOLUTE
    __arm_fini_                               - Undefined Weak Reference
    __cpp_initialize__aeabi_                  - Undefined Weak Reference
    __cxa_finalize                            - Undefined Weak Reference
    _clock_init                               - Undefined Weak Reference
    _microlib_exit                            - Undefined Weak Reference
    __Vectors_Size                           0x00000198   Number         0  startup_stm32f411xe.o ABSOLUTE
    __Vectors                                0x08000000   Data           4  startup_stm32f411xe.o(RESET)
    __Vectors_End                            0x08000198   Data           0  startup_stm32f411xe.o(RESET)
    __main                                   0x08000199   Thumb Code     0  entry.o(.ARM.Collect$$$$00000000)
    _main_stk                                0x08000199   Thumb Code     0  entry2.o(.ARM.Collect$$$$00000001)
    _main_scatterload                        0x0800019d   Thumb Code     0  entry5.o(.ARM.Collect$$$$00000004)
    __main_after_scatterload                 0x080001a1   Thumb Code     0  entry5.o(.ARM.Collect$$$$00000004)
    _main_clock                              0x080001a1   Thumb Code     0  entry7b.o(.ARM.Collect$$$$00000008)
    _main_cpp_init                           0x080001a1   Thumb Code     0  entry8b.o(.ARM.Collect$$$$0000000A)
    _main_init                               0x080001a1   Thumb Code     0  entry9a.o(.ARM.Collect$$$$0000000B)
    __rt_lib_shutdown_fini                   0x080001a9   Thumb Code     0  entry12b.o(.ARM.Collect$$$$0000000E)
    __rt_final_cpp                           0x080001ad   Thumb Code     0  entry10a.o(.ARM.Collect$$$$0000000F)
    __rt_final_exit                          0x080001ad   Thumb Code     0  entry11a.o(.ARM.Collect$$$$00000011)
    Reset_Handler                            0x080001b1   Thumb Code     8  startup_stm32f411xe.o(.text)
    ADC_IRQHandler                           0x080001cb   Thumb Code     0  startup_stm32f411xe.o(.text)
    DMA1_Stream0_IRQHandler                  0x080001cb   Thumb Code     0  startup_stm32f411xe.o(.text)
    DMA1_Stream1_IRQHandler                  0x080001cb   Thumb Code     0  startup_stm32f411xe.o(.text)
    DMA1_Stream2_IRQHandler                  0x080001cb   Thumb Code     0  startup_stm32f411xe.o(.text)
    DMA1_Stream3_IRQHandler                  0x080001cb   Thumb Code     0  startup_stm32f411xe.o(.text)
    DMA1_Stream4_IRQHandler                  0x080001cb   Thumb Code     0  startup_stm32f411xe.o(.text)
    DMA1_Stream6_IRQHandler                  0x080001cb   Thumb Code     0  startup_stm32f411xe.o(.text)
    DMA1_Stream7_IRQHandler                  0x080001cb   Thumb Code     0  startup_stm32f411xe.o(.text)
    DMA2_Stream0_IRQHandler                  0x080001cb   Thumb Code     0  startup_stm32f411xe.o(.text)
    DMA2_Stream1_IRQHandler                  0x080001cb   Thumb Code     0  startup_stm32f411xe.o(.text)
    DMA2_Stream3_IRQHandler                  0x080001cb   Thumb Code     0  startup_stm32f411xe.o(.text)
    DMA2_Stream4_IRQHandler                  0x080001cb   Thumb Code     0  startup_stm32f411xe.o(.text)
    DMA2_Stream5_IRQHandler                  0x080001cb   Thumb Code     0  startup_stm32f411xe.o(.text)
    DMA2_Stream6_IRQHandler                  0x080001cb   Thumb Code     0  startup_stm32f411xe.o(.text)
    DMA2_Stream7_IRQHandler                  0x080001cb   Thumb Code     0  startup_stm32f411xe.o(.text)
    EXTI0_IRQHandler                         0x080001cb   Thumb Code     0  startup_stm32f411xe.o(.text)
    EXTI15_10_IRQHandler                     0x080001cb   Thumb Code     0  startup_stm32f411xe.o(.text)
    EXTI1_IRQHandler                         0x080001cb   Thumb Code     0  startup_stm32f411xe.o(.text)
    EXTI2_IRQHandler                         0x080001cb   Thumb Code     0  startup_stm32f411xe.o(.text)
    EXTI3_IRQHandler                         0x080001cb   Thumb Code     0  startup_stm32f411xe.o(.text)
    EXTI4_IRQHandler                         0x080001cb   Thumb Code     0  startup_stm32f411xe.o(.text)
    EXTI9_5_IRQHandler                       0x080001cb   Thumb Code     0  startup_stm32f411xe.o(.text)
    FLASH_IRQHandler                         0x080001cb   Thumb Code     0  startup_stm32f411xe.o(.text)
    FPU_IRQHandler                           0x080001cb   Thumb Code     0  startup_stm32f411xe.o(.text)
    I2C1_ER_IRQHandler                       0x080001cb   Thumb Code     0  startup_stm32f411xe.o(.text)
    I2C1_EV_IRQHandler                       0x080001cb   Thumb Code     0  startup_stm32f411xe.o(.text)
    I2C2_ER_IRQHandler                       0x080001cb   Thumb Code     0  startup_stm32f411xe.o(.text)
    I2C2_EV_IRQHandler                       0x080001cb   Thumb Code     0  startup_stm32f411xe.o(.text)
    I2C3_ER_IRQHandler                       0x080001cb   Thumb Code     0  startup_stm32f411xe.o(.text)
    I2C3_EV_IRQHandler                       0x080001cb   Thumb Code     0  startup_stm32f411xe.o(.text)
    OTG_FS_IRQHandler                        0x080001cb   Thumb Code     0  startup_stm32f411xe.o(.text)
    OTG_FS_WKUP_IRQHandler                   0x080001cb   Thumb Code     0  startup_stm32f411xe.o(.text)
    PVD_IRQHandler                           0x080001cb   Thumb Code     0  startup_stm32f411xe.o(.text)
    RCC_IRQHandler                           0x080001cb   Thumb Code     0  startup_stm32f411xe.o(.text)
    RTC_Alarm_IRQHandler                     0x080001cb   Thumb Code     0  startup_stm32f411xe.o(.text)
    RTC_WKUP_IRQHandler                      0x080001cb   Thumb Code     0  startup_stm32f411xe.o(.text)
    SDIO_IRQHandler                          0x080001cb   Thumb Code     0  startup_stm32f411xe.o(.text)
    SPI1_IRQHandler                          0x080001cb   Thumb Code     0  startup_stm32f411xe.o(.text)
    SPI2_IRQHandler                          0x080001cb   Thumb Code     0  startup_stm32f411xe.o(.text)
    SPI3_IRQHandler                          0x080001cb   Thumb Code     0  startup_stm32f411xe.o(.text)
    SPI4_IRQHandler                          0x080001cb   Thumb Code     0  startup_stm32f411xe.o(.text)
    SPI5_IRQHandler                          0x080001cb   Thumb Code     0  startup_stm32f411xe.o(.text)
    TAMP_STAMP_IRQHandler                    0x080001cb   Thumb Code     0  startup_stm32f411xe.o(.text)
    TIM1_BRK_TIM9_IRQHandler                 0x080001cb   Thumb Code     0  startup_stm32f411xe.o(.text)
    TIM1_CC_IRQHandler                       0x080001cb   Thumb Code     0  startup_stm32f411xe.o(.text)
    TIM1_TRG_COM_TIM11_IRQHandler            0x080001cb   Thumb Code     0  startup_stm32f411xe.o(.text)
    TIM1_UP_TIM10_IRQHandler                 0x080001cb   Thumb Code     0  startup_stm32f411xe.o(.text)
    TIM2_IRQHandler                          0x080001cb   Thumb Code     0  startup_stm32f411xe.o(.text)
    TIM3_IRQHandler                          0x080001cb   Thumb Code     0  startup_stm32f411xe.o(.text)
    TIM5_IRQHandler                          0x080001cb   Thumb Code     0  startup_stm32f411xe.o(.text)
    WWDG_IRQHandler                          0x080001cb   Thumb Code     0  startup_stm32f411xe.o(.text)
    __aeabi_uldivmod                         0x080001d5   Thumb Code    98  uldiv.o(.text)
    __aeabi_memcpy                           0x08000237   Thumb Code    36  memcpya.o(.text)
    __aeabi_memcpy4                          0x08000237   Thumb Code     0  memcpya.o(.text)
    __aeabi_memcpy8                          0x08000237   Thumb Code     0  memcpya.o(.text)
    __aeabi_memset                           0x0800025b   Thumb Code    14  memseta.o(.text)
    __aeabi_memset4                          0x0800025b   Thumb Code     0  memseta.o(.text)
    __aeabi_memset8                          0x0800025b   Thumb Code     0  memseta.o(.text)
    __aeabi_memclr                           0x08000269   Thumb Code     4  memseta.o(.text)
    __aeabi_memclr4                          0x08000269   Thumb Code     0  memseta.o(.text)
    __aeabi_memclr8                          0x08000269   Thumb Code     0  memseta.o(.text)
    _memset$wrapper                          0x0800026d   Thumb Code    18  memseta.o(.text)
    __aeabi_dadd                             0x0800027f   Thumb Code   322  dadd.o(.text)
    __aeabi_dsub                             0x080003c1   Thumb Code     6  dadd.o(.text)
    __aeabi_drsub                            0x080003c7   Thumb Code     6  dadd.o(.text)
    __aeabi_dmul                             0x080003cd   Thumb Code   228  dmul.o(.text)
    __aeabi_ddiv                             0x080004b1   Thumb Code   222  ddiv.o(.text)
    __aeabi_i2d                              0x0800058f   Thumb Code    34  dflti.o(.text)
    __aeabi_ui2d                             0x080005b1   Thumb Code    26  dfltui.o(.text)
    __aeabi_f2d                              0x080005cb   Thumb Code    38  f2d.o(.text)
    __aeabi_cdcmpeq                          0x080005f1   Thumb Code     0  cdcmple.o(.text)
    __aeabi_cdcmple                          0x080005f1   Thumb Code    48  cdcmple.o(.text)
    __aeabi_cdrcmple                         0x08000621   Thumb Code    48  cdrcmple.o(.text)
    __aeabi_d2f                              0x08000651   Thumb Code    56  d2f.o(.text)
    __aeabi_uidiv                            0x08000689   Thumb Code     0  uidiv.o(.text)
    __aeabi_uidivmod                         0x08000689   Thumb Code    44  uidiv.o(.text)
    __aeabi_llsl                             0x080006b5   Thumb Code    30  llshl.o(.text)
    _ll_shift_l                              0x080006b5   Thumb Code     0  llshl.o(.text)
    __aeabi_llsr                             0x080006d3   Thumb Code    32  llushr.o(.text)
    _ll_ushift_r                             0x080006d3   Thumb Code     0  llushr.o(.text)
    __aeabi_lasr                             0x080006f3   Thumb Code    36  llsshr.o(.text)
    _ll_sshift_r                             0x080006f3   Thumb Code     0  llsshr.o(.text)
    __I$use$fp                               0x08000717   Thumb Code     0  iusefp.o(.text)
    _float_round                             0x08000717   Thumb Code    18  fepilogue.o(.text)
    _float_epilogue                          0x08000729   Thumb Code    92  fepilogue.o(.text)
    _double_round                            0x08000785   Thumb Code    30  depilogue.o(.text)
    _double_epilogue                         0x080007a3   Thumb Code   156  depilogue.o(.text)
    _dsqrt                                   0x0800083f   Thumb Code   162  dsqrt.o(.text)
    __aeabi_d2ulz                            0x080008e1   Thumb Code    48  dfixul.o(.text)
    __scatterload                            0x08000911   Thumb Code    28  init.o(.text)
    __scatterload_rt2                        0x08000911   Thumb Code     0  init.o(.text)
    __decompress                             0x08000935   Thumb Code     0  __dczerorl2.o(.text)
    __decompress1                            0x08000935   Thumb Code    86  __dczerorl2.o(.text)
    APP_Navigate_Init                        0x0800098d   Thumb Code    76  app_navigate.o(i.APP_Navigate_Init)
    APP_Navigate_Update                      0x080009e5   Thumb Code  1390  app_navigate.o(i.APP_Navigate_Update)
    App_Init                                 0x08000f81   Thumb Code   134  app_init.o(i.App_Init)
    BSP_UART2_IDLE_Handler                   0x08001061   Thumb Code     4  bsp_callbacks.o(i.BSP_UART2_IDLE_Handler)
    BusFault_Handler                         0x08001065   Thumb Code     2  stm32f4xx_it.o(i.BusFault_Handler)
    Chassis_ControlLoop                      0x08001069   Thumb Code   174  chassis_task.o(i.Chassis_ControlLoop)
    Chassis_EmergencyStop                    0x08001129   Thumb Code    66  chassis_task.o(i.Chassis_EmergencyStop)
    Chassis_Init                             0x08001179   Thumb Code   116  chassis_task.o(i.Chassis_Init)
    Chassis_PID_Enable                       0x08001205   Thumb Code    32  chassis_task.o(i.Chassis_PID_Enable)
    Chassis_SetTarget                        0x08001229   Thumb Code    54  chassis_task.o(i.Chassis_SetTarget)
    CoordSolver_Init                         0x08001269   Thumb Code    20  coord_solver.o(i.CoordSolver_Init)
    CoordSolver_SetAnchors                   0x08001281   Thumb Code   448  coord_solver.o(i.CoordSolver_SetAnchors)
    CoordSolver_Transform                    0x08001451   Thumb Code    84  coord_solver.o(i.CoordSolver_Transform)
    DMA1_Stream5_IRQHandler                  0x080014a9   Thumb Code     6  stm32f4xx_it.o(i.DMA1_Stream5_IRQHandler)
    DMA2_Stream2_IRQHandler                  0x080014b5   Thumb Code     6  stm32f4xx_it.o(i.DMA2_Stream2_IRQHandler)
    DebugMon_Handler                         0x0800158f   Thumb Code     2  stm32f4xx_it.o(i.DebugMon_Handler)
    Encoder_GetLeftOdom_mm                   0x08001591   Thumb Code     8  bsp_encoder.o(i.Encoder_GetLeftOdom_mm)
    Encoder_GetLeftSpeed_mm_s                0x0800159d   Thumb Code     8  bsp_encoder.o(i.Encoder_GetLeftSpeed_mm_s)
    Encoder_GetRightOdom_mm                  0x080015a9   Thumb Code     8  bsp_encoder.o(i.Encoder_GetRightOdom_mm)
    Encoder_GetRightSpeed_mm_s               0x080015b5   Thumb Code     8  bsp_encoder.o(i.Encoder_GetRightSpeed_mm_s)
    Encoder_Init                             0x080015c1   Thumb Code    88  bsp_encoder.o(i.Encoder_Init)
    Encoder_ResetOdom                        0x08001639   Thumb Code    16  bsp_encoder.o(i.Encoder_ResetOdom)
    Encoder_Update                           0x08001651   Thumb Code   176  bsp_encoder.o(i.Encoder_Update)
    Error_Handler                            0x0800170d   Thumb Code     4  main.o(i.Error_Handler)
    GyroHold_Calibrate                       0x08001711   Thumb Code   160  bsp_callbacks.o(i.GyroHold_Calibrate)
    GyroHold_ComputeW                        0x080017f9   Thumb Code   212  bsp_callbacks.o(i.GyroHold_ComputeW)
    GyroHold_ReadIMU                         0x080018f9   Thumb Code    26  bsp_callbacks.o(i.GyroHold_ReadIMU)
    GyroHold_Update                          0x08001921   Thumb Code   326  bsp_callbacks.o(i.GyroHold_Update)
    GyroYaw_Reset                            0x08001a99   Thumb Code    12  bsp_callbacks.o(i.GyroYaw_Reset)
    Gyro_Enable                              0x08001aad   Thumb Code     8  bsp_callbacks.o(i.Gyro_Enable)
    HAL_DMA_Abort                            0x08001ab9   Thumb Code   142  stm32f4xx_hal_dma.o(i.HAL_DMA_Abort)
    HAL_DMA_Abort_IT                         0x08001b47   Thumb Code    36  stm32f4xx_hal_dma.o(i.HAL_DMA_Abort_IT)
    HAL_DMA_IRQHandler                       0x08001b6d   Thumb Code   460  stm32f4xx_hal_dma.o(i.HAL_DMA_IRQHandler)
    HAL_DMA_Init                             0x08001d3d   Thumb Code   208  stm32f4xx_hal_dma.o(i.HAL_DMA_Init)
    HAL_DMA_Start_IT                         0x08001e11   Thumb Code   110  stm32f4xx_hal_dma.o(i.HAL_DMA_Start_IT)
    HAL_Delay                                0x08001e81   Thumb Code    32  stm32f4xx_hal.o(i.HAL_Delay)
    HAL_GPIO_Init                            0x08001ea5   Thumb Code   390  stm32f4xx_hal_gpio.o(i.HAL_GPIO_Init)
    HAL_GPIO_TogglePin                       0x0800204d   Thumb Code    16  stm32f4xx_hal_gpio.o(i.HAL_GPIO_TogglePin)
    HAL_GPIO_WritePin                        0x0800205d   Thumb Code    14  stm32f4xx_hal_gpio.o(i.HAL_GPIO_WritePin)
    HAL_GetTick                              0x0800206d   Thumb Code     6  stm32f4xx_hal.o(i.HAL_GetTick)
    HAL_I2C_Init                             0x08002079   Thumb Code   392  stm32f4xx_hal_i2c.o(i.HAL_I2C_Init)
    HAL_I2C_Mem_Read                         0x08002211   Thumb Code   656  stm32f4xx_hal_i2c.o(i.HAL_I2C_Mem_Read)
    HAL_I2C_Mem_Write                        0x080024ad   Thumb Code   316  stm32f4xx_hal_i2c.o(i.HAL_I2C_Mem_Write)
    HAL_I2C_MspInit                          0x080025f1   Thumb Code    92  i2c.o(i.HAL_I2C_MspInit)
    HAL_IncTick                              0x08002659   Thumb Code    12  stm32f4xx_hal.o(i.HAL_IncTick)
    HAL_Init                                 0x08002669   Thumb Code    48  stm32f4xx_hal.o(i.HAL_Init)
    HAL_InitTick                             0x0800269d   Thumb Code    58  stm32f4xx_hal.o(i.HAL_InitTick)
    HAL_MspInit                              0x080026e1   Thumb Code    42  stm32f4xx_hal_msp.o(i.HAL_MspInit)
    HAL_NVIC_EnableIRQ                       0x08002711   Thumb Code    26  stm32f4xx_hal_cortex.o(i.HAL_NVIC_EnableIRQ)
    HAL_NVIC_SetPriority                     0x0800272d   Thumb Code    60  stm32f4xx_hal_cortex.o(i.HAL_NVIC_SetPriority)
    HAL_NVIC_SetPriorityGrouping             0x0800276d   Thumb Code    26  stm32f4xx_hal_cortex.o(i.HAL_NVIC_SetPriorityGrouping)
    HAL_RCC_ClockConfig                      0x08002791   Thumb Code   310  stm32f4xx_hal_rcc.o(i.HAL_RCC_ClockConfig)
    HAL_RCC_GetHCLKFreq                      0x080028dd   Thumb Code     6  stm32f4xx_hal_rcc.o(i.HAL_RCC_GetHCLKFreq)
    HAL_RCC_GetPCLK1Freq                     0x080028e9   Thumb Code    22  stm32f4xx_hal_rcc.o(i.HAL_RCC_GetPCLK1Freq)
    HAL_RCC_GetPCLK2Freq                     0x08002909   Thumb Code    22  stm32f4xx_hal_rcc.o(i.HAL_RCC_GetPCLK2Freq)
    HAL_RCC_GetSysClockFreq                  0x08002929   Thumb Code    94  stm32f4xx_hal_rcc.o(i.HAL_RCC_GetSysClockFreq)
    HAL_RCC_OscConfig                        0x08002995   Thumb Code   942  stm32f4xx_hal_rcc.o(i.HAL_RCC_OscConfig)
    HAL_SYSTICK_Config                       0x08002d55   Thumb Code    40  stm32f4xx_hal_cortex.o(i.HAL_SYSTICK_Config)
    HAL_TIMEx_BreakCallback                  0x08002d7d   Thumb Code     2  stm32f4xx_hal_tim_ex.o(i.HAL_TIMEx_BreakCallback)
    HAL_TIMEx_CommutCallback                 0x08002d7f   Thumb Code     2  stm32f4xx_hal_tim_ex.o(i.HAL_TIMEx_CommutCallback)
    HAL_TIMEx_ConfigBreakDeadTime            0x08002d81   Thumb Code    84  stm32f4xx_hal_tim_ex.o(i.HAL_TIMEx_ConfigBreakDeadTime)
    HAL_TIMEx_MasterConfigSynchronization    0x08002dd5   Thumb Code   102  stm32f4xx_hal_tim_ex.o(i.HAL_TIMEx_MasterConfigSynchronization)
    HAL_TIM_Base_Init                        0x08002e51   Thumb Code    74  stm32f4xx_hal_tim.o(i.HAL_TIM_Base_Init)
    HAL_TIM_Base_MspInit                     0x08002e9d   Thumb Code   100  tim.o(i.HAL_TIM_Base_MspInit)
    HAL_TIM_Base_Start_IT                    0x08002f11   Thumb Code    98  stm32f4xx_hal_tim.o(i.HAL_TIM_Base_Start_IT)
    HAL_TIM_ConfigClockSource                0x08002f89   Thumb Code   232  stm32f4xx_hal_tim.o(i.HAL_TIM_ConfigClockSource)
    HAL_TIM_Encoder_Init                     0x08003071   Thumb Code   180  stm32f4xx_hal_tim.o(i.HAL_TIM_Encoder_Init)
    HAL_TIM_Encoder_MspInit                  0x08003125   Thumb Code   148  tim.o(i.HAL_TIM_Encoder_MspInit)
    HAL_TIM_Encoder_Start                    0x080031c5   Thumb Code   168  stm32f4xx_hal_tim.o(i.HAL_TIM_Encoder_Start)
    HAL_TIM_IC_CaptureCallback               0x0800326d   Thumb Code     2  stm32f4xx_hal_tim.o(i.HAL_TIM_IC_CaptureCallback)
    HAL_TIM_IRQHandler                       0x0800326f   Thumb Code   312  stm32f4xx_hal_tim.o(i.HAL_TIM_IRQHandler)
    HAL_TIM_MspPostInit                      0x080033a9   Thumb Code   118  tim.o(i.HAL_TIM_MspPostInit)
    HAL_TIM_OC_DelayElapsedCallback          0x08003435   Thumb Code     2  stm32f4xx_hal_tim.o(i.HAL_TIM_OC_DelayElapsedCallback)
    HAL_TIM_PWM_ConfigChannel                0x08003437   Thumb Code   216  stm32f4xx_hal_tim.o(i.HAL_TIM_PWM_ConfigChannel)
    HAL_TIM_PWM_Init                         0x0800350f   Thumb Code    74  stm32f4xx_hal_tim.o(i.HAL_TIM_PWM_Init)
    HAL_TIM_PWM_MspInit                      0x08003559   Thumb Code     2  stm32f4xx_hal_tim.o(i.HAL_TIM_PWM_MspInit)
    HAL_TIM_PWM_PulseFinishedCallback        0x0800355b   Thumb Code     2  stm32f4xx_hal_tim.o(i.HAL_TIM_PWM_PulseFinishedCallback)
    HAL_TIM_PWM_Start                        0x0800355d   Thumb Code   172  stm32f4xx_hal_tim.o(i.HAL_TIM_PWM_Start)
    HAL_TIM_PeriodElapsedCallback            0x0800361d   Thumb Code    60  bsp_callbacks.o(i.HAL_TIM_PeriodElapsedCallback)
    HAL_TIM_TriggerCallback                  0x08003669   Thumb Code     2  stm32f4xx_hal_tim.o(i.HAL_TIM_TriggerCallback)
    HAL_UARTEx_RxEventCallback               0x0800366b   Thumb Code     2  stm32f4xx_hal_uart.o(i.HAL_UARTEx_RxEventCallback)
    HAL_UART_ErrorCallback                   0x0800366d   Thumb Code     2  stm32f4xx_hal_uart.o(i.HAL_UART_ErrorCallback)
    HAL_UART_IRQHandler                      0x08003671   Thumb Code   578  stm32f4xx_hal_uart.o(i.HAL_UART_IRQHandler)
    HAL_UART_Init                            0x080038b9   Thumb Code   102  stm32f4xx_hal_uart.o(i.HAL_UART_Init)
    HAL_UART_MspInit                         0x08003921   Thumb Code   394  usart.o(i.HAL_UART_MspInit)
    HAL_UART_Receive_DMA                     0x08003acd   Thumb Code    28  stm32f4xx_hal_uart.o(i.HAL_UART_Receive_DMA)
    HAL_UART_Receive_IT                      0x08003ae9   Thumb Code    28  stm32f4xx_hal_uart.o(i.HAL_UART_Receive_IT)
    HAL_UART_RxCpltCallback                  0x08003b05   Thumb Code    86  bsp_callbacks.o(i.HAL_UART_RxCpltCallback)
    HAL_UART_RxHalfCpltCallback              0x08003b75   Thumb Code     2  stm32f4xx_hal_uart.o(i.HAL_UART_RxHalfCpltCallback)
    HAL_UART_Transmit                        0x08003b77   Thumb Code   174  stm32f4xx_hal_uart.o(i.HAL_UART_Transmit)
    HAL_UART_TxCpltCallback                  0x08003c25   Thumb Code     2  stm32f4xx_hal_uart.o(i.HAL_UART_TxCpltCallback)
    HLD_get_yaw_deg                          0x08003c29   Thumb Code    16  bsp_callbacks.o(i.HLD_get_yaw_deg)
    HLD_get_yaw_rad                          0x08003c41   Thumb Code     8  bsp_callbacks.o(i.HLD_get_yaw_rad)
    HardFault_Handler                        0x08003c4d   Thumb Code     2  stm32f4xx_it.o(i.HardFault_Handler)
    HoldYaw_Lock                             0x08003c51   Thumb Code    24  bsp_callbacks.o(i.HoldYaw_Lock)
    HoldYaw_Release                          0x08003c71   Thumb Code    16  bsp_callbacks.o(i.HoldYaw_Release)
    HostUART_CheckTimeout                    0x08003c89   Thumb Code    52  bsp_uart.o(i.HostUART_CheckTimeout)
    HostUART_Init                            0x08003cc1   Thumb Code    62  bsp_uart.o(i.HostUART_Init)
    HostUART_ParseByte                       0x08003d19   Thumb Code   284  bsp_uart.o(i.HostUART_ParseByte)
    HostUART_SendPacket                      0x08003e3d   Thumb Code    66  bsp_uart.o(i.HostUART_SendPacket)
    Kalman_getAngle                          0x08004353   Thumb Code   462  mpu6050.o(i.Kalman_getAngle)
    Kinematics_Forward                       0x08004521   Thumb Code    50  kinematics.o(i.Kinematics_Forward)
    Kinematics_Inverse                       0x08004559   Thumb Code    26  kinematics.o(i.Kinematics_Inverse)
    Lidar_GetScan                            0x08004579   Thumb Code    56  bsp_lidar.o(i.Lidar_GetScan)
    Lidar_Init                               0x080045b9   Thumb Code    76  bsp_lidar.o(i.Lidar_Init)
    Lidar_MarkDataPending                    0x08004615   Thumb Code     8  bsp_lidar.o(i.Lidar_MarkDataPending)
    Lidar_MotorOn                            0x08004621   Thumb Code    18  bsp_lidar.o(i.Lidar_MotorOn)
    Lidar_ParseFrame                         0x08004639   Thumb Code    26  bsp_lidar.o(i.Lidar_ParseFrame)
    Lidar_Poll                               0x08004655   Thumb Code    86  bsp_lidar.o(i.Lidar_Poll)
    MPU6050_Init                             0x080046b9   Thumb Code   170  mpu6050.o(i.MPU6050_Init)
    MPU6050_Read_All                         0x08004789   Thumb Code   788  mpu6050.o(i.MPU6050_Read_All)
    MX_DMA_Init                              0x08004af9   Thumb Code    72  dma.o(i.MX_DMA_Init)
    MX_GPIO_Init                             0x08004b45   Thumb Code   156  gpio.o(i.MX_GPIO_Init)
    MX_I2C1_Init                             0x08004bed   Thumb Code    50  i2c.o(i.MX_I2C1_Init)
    MX_TIM10_Init                            0x08004c2d   Thumb Code    92  tim.o(i.MX_TIM10_Init)
    MX_TIM1_Init                             0x08004c91   Thumb Code   208  tim.o(i.MX_TIM1_Init)
    MX_TIM2_Init                             0x08004d69   Thumb Code    98  tim.o(i.MX_TIM2_Init)
    MX_TIM3_Init                             0x08004dd1   Thumb Code    98  tim.o(i.MX_TIM3_Init)
    MX_TIM4_Init                             0x08004e3d   Thumb Code    94  tim.o(i.MX_TIM4_Init)
    MX_USART1_UART_Init                      0x08004ea5   Thumb Code    48  usart.o(i.MX_USART1_UART_Init)
    MX_USART2_UART_Init                      0x08004edd   Thumb Code    48  usart.o(i.MX_USART2_UART_Init)
    MX_USART6_UART_Init                      0x08004f15   Thumb Code    48  usart.o(i.MX_USART6_UART_Init)
    Map_Init                                 0x08004f4d   Thumb Code    22  map_manager.o(i.Map_Init)
    Map_LoadDefault                          0x08004f6d   Thumb Code   858  map_manager.o(i.Map_LoadDefault)
    MemManage_Handler                        0x080052d5   Thumb Code     2  stm32f4xx_it.o(i.MemManage_Handler)
    Motor_ActiveBrake                        0x080052d7   Thumb Code    68  bsp_motor.o(i.Motor_ActiveBrake)
    Motor_Brake                              0x0800531d   Thumb Code    66  bsp_motor.o(i.Motor_Brake)
    Motor_Init                               0x08005369   Thumb Code    22  bsp_motor.o(i.Motor_Init)
    Motor_SetBoth                            0x08005385   Thumb Code   192  bsp_motor.o(i.Motor_SetBoth)
    NMI_Handler                              0x0800544d   Thumb Code     2  stm32f4xx_it.o(i.NMI_Handler)
    Nav_ResetFilter                          0x080059b1   Thumb Code    22  app_navigate.o(i.Nav_ResetFilter)
    Nav_SetTarget                            0x080059d1   Thumb Code    50  app_navigate.o(i.Nav_SetTarget)
    PID_Compute                              0x08005b01   Thumb Code   174  pid.o(i.PID_Compute)
    PID_Init                                 0x08005baf   Thumb Code    32  pid.o(i.PID_Init)
    PID_Reset                                0x08005bd1   Thumb Code    30  pid.o(i.PID_Reset)
    PID_SetTarget                            0x08005bf5   Thumb Code     6  pid.o(i.PID_SetTarget)
    Path_Advance                             0x08005bfd   Thumb Code    24  path_planner.o(i.Path_Advance)
    Path_CurrentWP                           0x08005c19   Thumb Code    22  path_planner.o(i.Path_CurrentWP)
    Path_GetWPs                              0x08005c39   Thumb Code     4  path_planner.o(i.Path_GetWPs)
    Path_Init                                0x08005c41   Thumb Code   186  path_planner.o(i.Path_Init)
    Path_Plan                                0x08005d09   Thumb Code   612  path_planner.o(i.Path_Plan)
    PendSV_Handler                           0x08005f85   Thumb Code     2  stm32f4xx_it.o(i.PendSV_Handler)
    SVC_Handler                              0x08005f87   Thumb Code     2  stm32f4xx_it.o(i.SVC_Handler)
    SysTick_Handler                          0x08005f89   Thumb Code     4  stm32f4xx_it.o(i.SysTick_Handler)
    SystemClock_Config                       0x08005f8d   Thumb Code   136  main.o(i.SystemClock_Config)
    SystemInit                               0x0800601d   Thumb Code    12  system_stm32f4xx.o(i.SystemInit)
    TIM4_IRQHandler                          0x0800602d   Thumb Code     6  stm32f4xx_it.o(i.TIM4_IRQHandler)
    TIM_Base_SetConfig                       0x08006039   Thumb Code   130  stm32f4xx_hal_tim.o(i.TIM_Base_SetConfig)
    TIM_CCxChannelCmd                        0x080060d9   Thumb Code    26  stm32f4xx_hal_tim.o(i.TIM_CCxChannelCmd)
    TIM_ETR_SetConfig                        0x080060f3   Thumb Code    20  stm32f4xx_hal_tim.o(i.TIM_ETR_SetConfig)
    TIM_OC2_SetConfig                        0x08006179   Thumb Code    94  stm32f4xx_hal_tim.o(i.TIM_OC2_SetConfig)
    UART_Start_Receive_DMA                   0x08006629   Thumb Code   150  stm32f4xx_hal_uart.o(i.UART_Start_Receive_DMA)
    UART_Start_Receive_IT                    0x080066cd   Thumb Code    56  stm32f4xx_hal_uart.o(i.UART_Start_Receive_IT)
    USART1_IRQHandler                        0x080067d9   Thumb Code     6  stm32f4xx_it.o(i.USART1_IRQHandler)
    USART2_IRQHandler                        0x080067e5   Thumb Code    32  stm32f4xx_it.o(i.USART2_IRQHandler)
    USART6_IRQHandler                        0x08006809   Thumb Code     6  stm32f4xx_it.o(i.USART6_IRQHandler)
    UWB_GetState                             0x08006815   Thumb Code     4  bsp_uwb.o(i.UWB_GetState)
    UWB_Init                                 0x0800681d   Thumb Code    70  bsp_uwb.o(i.UWB_Init)
    UWB_Poll                                 0x08006875   Thumb Code   904  bsp_uwb.o(i.UWB_Poll)
    UWB_RxCallback                           0x08006c49   Thumb Code   216  bsp_uwb.o(i.UWB_RxCallback)
    UWB_SetDelay                             0x08006d2d   Thumb Code    72  bsp_uwb.o(i.UWB_SetDelay)
    UsageFault_Handler                       0x08006d81   Thumb Code     2  stm32f4xx_it.o(i.UsageFault_Handler)
    __0printf                                0x08006d85   Thumb Code    22  printfa.o(i.__0printf)
    __1printf                                0x08006d85   Thumb Code     0  printfa.o(i.__0printf)
    __2printf                                0x08006d85   Thumb Code     0  printfa.o(i.__0printf)
    __c89printf                              0x08006d85   Thumb Code     0  printfa.o(i.__0printf)
    printf                                   0x08006d85   Thumb Code     0  printfa.o(i.__0printf)
    __ARM_fpclassify                         0x08006da5   Thumb Code    48  fpclassify.o(i.__ARM_fpclassify)
    __ARM_fpclassifyf                        0x08006dd5   Thumb Code    38  fpclassifyf.o(i.__ARM_fpclassifyf)
    __hardfp_atan                            0x08006e21   Thumb Code   622  atan.o(i.__hardfp_atan)
    __hardfp_atan2                           0x080070f9   Thumb Code   448  atan2.o(i.__hardfp_atan2)
    __hardfp_cosf                            0x080072f9   Thumb Code   280  cosf.o(i.__hardfp_cosf)
    __hardfp_fabs                            0x08007449   Thumb Code    20  fabs.o(i.__hardfp_fabs)
    __hardfp_sinf                            0x0800745d   Thumb Code   344  sinf.o(i.__hardfp_sinf)
    __hardfp_sqrt                            0x080075ed   Thumb Code   122  sqrt.o(i.__hardfp_sqrt)
    __hardfp_sqrtf                           0x08007667   Thumb Code    58  sqrtf.o(i.__hardfp_sqrtf)
    __kernel_poly                            0x080076a1   Thumb Code   248  poly.o(i.__kernel_poly)
    __mathlib_dbl_infnan                     0x08007799   Thumb Code    20  dunder.o(i.__mathlib_dbl_infnan)
    __mathlib_dbl_infnan2                    0x080077ad   Thumb Code    20  dunder.o(i.__mathlib_dbl_infnan2)
    __mathlib_dbl_underflow                  0x080077c1   Thumb Code    24  dunder.o(i.__mathlib_dbl_underflow)
    __mathlib_flt_infnan                     0x080077e1   Thumb Code     6  funder.o(i.__mathlib_flt_infnan)
    __mathlib_flt_invalid                    0x080077e9   Thumb Code    10  funder.o(i.__mathlib_flt_invalid)
    __mathlib_flt_underflow                  0x080077f9   Thumb Code    10  funder.o(i.__mathlib_flt_underflow)
    __mathlib_rredf2                         0x08007809   Thumb Code   316  rredf.o(i.__mathlib_rredf2)
    __scatterload_copy                       0x0800795d   Thumb Code    14  handlers.o(i.__scatterload_copy)
    __scatterload_null                       0x0800796b   Thumb Code     2  handlers.o(i.__scatterload_null)
    __scatterload_zeroinit                   0x0800796d   Thumb Code    14  handlers.o(i.__scatterload_zeroinit)
    __set_errno                              0x0800797d   Thumb Code     6  errno.o(i.__set_errno)
    atan                                     0x08008271   Thumb Code    16  atan.o(i.atan)
    fabs                                     0x0800835d   Thumb Code    24  fabs.o(i.fabs)
    fputc                                    0x08008375   Thumb Code    18  bsp_callbacks.o(i.fputc)
    main                                     0x08008709   Thumb Code   872  main.o(i.main)
    AHBPrescTable                            0x08009590   Data          16  system_stm32f4xx.o(.constdata)
    APBPrescTable                            0x080095a0   Data           8  system_stm32f4xx.o(.constdata)
    __mathlib_zero                           0x08009640   Data           8  qnan.o(.constdata)
    Region$$Table$$Base                      0x080096f0   Number         0  anon$$obj.o(Region$$Table)
    Region$$Table$$Limit                     0x08009710   Number         0  anon$$obj.o(Region$$Table)
    g_duty_L                                 0x20000002   Data           2  chassis_task.o(.data)
    g_duty_R                                 0x20000004   Data           2  chassis_task.o(.data)
    nav_arrived                              0x20000029   Data           1  app_navigate.o(.data)
    nav_state                                0x2000002a   Data           1  app_navigate.o(.data)
    nav_current_aisle                        0x2000002b   Data           1  app_navigate.o(.data)
    g_lidar_assist_state                     0x2000002c   Data           1  app_navigate.o(.data)
    nav_target_x_mm                          0x20000038   Data           4  app_navigate.o(.data)
    nav_target_y_mm                          0x2000003c   Data           4  app_navigate.o(.data)
    g_lidar_front_m                          0x20000040   Data           4  app_navigate.o(.data)
    g_lidar_left_m                           0x20000044   Data           4  app_navigate.o(.data)
    g_lidar_right_m                          0x20000048   Data           4  app_navigate.o(.data)
    nav_target_pending                       0x20000080   Data           1  app_navigate.o(.data)
    nav_pending_x                            0x20000084   Data           4  app_navigate.o(.data)
    nav_pending_y                            0x20000088   Data           4  app_navigate.o(.data)
    g_lidar_turn_open                        0x2000008c   Data           1  app_navigate.o(.data)
    g_gyro_yaw_err                           0x200000a8   Data           4  bsp_callbacks.o(.data)
    g_gyro_corr_w                            0x200000ac   Data           4  bsp_callbacks.o(.data)
    speed_left_mm_s                          0x200000cc   Data           4  bsp_encoder.o(.data)
    speed_right_mm_s                         0x200000d0   Data           4  bsp_encoder.o(.data)
    host_rx_byte                             0x200000f8   Data           1  bsp_uart.o(.data)
    uwb_rx_byte                              0x20000101   Data           1  bsp_uwb.o(.data)
    uwb_delay_a_m                            0x2000010c   Data           4  bsp_uwb.o(.data)
    uwb_delay_b_m                            0x20000110   Data           4  bsp_uwb.o(.data)
    uwb_delay_c_m                            0x20000114   Data           4  bsp_uwb.o(.data)
    yaw_angle                                0x20000148   Data           4  mpu6050.o(.data)
    timer                                    0x2000014c   Data           4  mpu6050.o(.data)
    KalmanX                                  0x20000150   Data          72  mpu6050.o(.data)
    KalmanY                                  0x20000198   Data          72  mpu6050.o(.data)
    uwTickFreq                               0x200001f4   Data           1  stm32f4xx_hal.o(.data)
    uwTickPrio                               0x200001f8   Data           4  stm32f4xx_hal.o(.data)
    uwTick                                   0x200001fc   Data           4  stm32f4xx_hal.o(.data)
    SystemCoreClock                          0x20000200   Data           4  system_stm32f4xx.o(.data)
    __stdout                                 0x20000204   Data           4  stdout.o(.data)
    nav_pose                                 0x20000284   Data          16  app_navigate.o(.bss)
    uwb_state                                0x2001508c   Data          56  bsp_uwb.o(.bss)
    gyro_data                                0x200150c8   Data          96  mpu6050.o(.bss)
    hi2c1                                    0x20015128   Data          84  i2c.o(.bss)
    htim1                                    0x2001517c   Data          72  tim.o(.bss)
    htim2                                    0x200151c4   Data          72  tim.o(.bss)
    htim3                                    0x2001520c   Data          72  tim.o(.bss)
    htim4                                    0x20015254   Data          72  tim.o(.bss)
    htim10                                   0x2001529c   Data          72  tim.o(.bss)
    huart1                                   0x200152e4   Data          72  usart.o(.bss)
    huart2                                   0x2001532c   Data          72  usart.o(.bss)
    huart6                                   0x20015374   Data          72  usart.o(.bss)
    hdma_usart1_rx                           0x200153bc   Data          96  usart.o(.bss)
    hdma_usart2_rx                           0x2001541c   Data          96  usart.o(.bss)
    __initial_sp                             0x20015880   Data           0  startup_stm32f411xe.o(STACK)



==============================================================================

Memory Map of the image

  Image Entry point : 0x08000199

  Load Region LR_IROM1 (Base: 0x08000000, Size: 0x0000991c, Max: 0x00080000, ABSOLUTE, COMPRESSED[0x00009748])

    Execution Region ER_IROM1 (Exec base: 0x08000000, Load base: 0x08000000, Size: 0x00009710, Max: 0x00080000, ABSOLUTE)

    Exec Addr    Load Addr    Size         Type   Attr      Idx    E Section Name        Object

    0x08000000   0x08000000   0x00000198   Data   RO         1637    RESET               startup_stm32f411xe.o
    0x08000198   0x08000198   0x00000000   Code   RO         4907  * .ARM.Collect$$$$00000000  mc_w.l(entry.o)
    0x08000198   0x08000198   0x00000004   Code   RO         5237    .ARM.Collect$$$$00000001  mc_w.l(entry2.o)
    0x0800019c   0x0800019c   0x00000004   Code   RO         5240    .ARM.Collect$$$$00000004  mc_w.l(entry5.o)
    0x080001a0   0x080001a0   0x00000000   Code   RO         5242    .ARM.Collect$$$$00000008  mc_w.l(entry7b.o)
    0x080001a0   0x080001a0   0x00000000   Code   RO         5244    .ARM.Collect$$$$0000000A  mc_w.l(entry8b.o)
    0x080001a0   0x080001a0   0x00000008   Code   RO         5245    .ARM.Collect$$$$0000000B  mc_w.l(entry9a.o)
    0x080001a8   0x080001a8   0x00000004   Code   RO         5252    .ARM.Collect$$$$0000000E  mc_w.l(entry12b.o)
    0x080001ac   0x080001ac   0x00000000   Code   RO         5247    .ARM.Collect$$$$0000000F  mc_w.l(entry10a.o)
    0x080001ac   0x080001ac   0x00000000   Code   RO         5249    .ARM.Collect$$$$00000011  mc_w.l(entry11a.o)
    0x080001ac   0x080001ac   0x00000004   Code   RO         5238    .ARM.Collect$$$$00002712  mc_w.l(entry2.o)
    0x080001b0   0x080001b0   0x00000024   Code   RO         1638    .text               startup_stm32f411xe.o
    0x080001d4   0x080001d4   0x00000062   Code   RO         4910    .text               mc_w.l(uldiv.o)
    0x08000236   0x08000236   0x00000024   Code   RO         4912    .text               mc_w.l(memcpya.o)
    0x0800025a   0x0800025a   0x00000024   Code   RO         4914    .text               mc_w.l(memseta.o)
    0x0800027e   0x0800027e   0x0000014e   Code   RO         5179    .text               mf_w.l(dadd.o)
    0x080003cc   0x080003cc   0x000000e4   Code   RO         5181    .text               mf_w.l(dmul.o)
    0x080004b0   0x080004b0   0x000000de   Code   RO         5183    .text               mf_w.l(ddiv.o)
    0x0800058e   0x0800058e   0x00000022   Code   RO         5187    .text               mf_w.l(dflti.o)
    0x080005b0   0x080005b0   0x0000001a   Code   RO         5189    .text               mf_w.l(dfltui.o)
    0x080005ca   0x080005ca   0x00000026   Code   RO         5191    .text               mf_w.l(f2d.o)
    0x080005f0   0x080005f0   0x00000030   Code   RO         5193    .text               mf_w.l(cdcmple.o)
    0x08000620   0x08000620   0x00000030   Code   RO         5195    .text               mf_w.l(cdrcmple.o)
    0x08000650   0x08000650   0x00000038   Code   RO         5197    .text               mf_w.l(d2f.o)
    0x08000688   0x08000688   0x0000002c   Code   RO         5254    .text               mc_w.l(uidiv.o)
    0x080006b4   0x080006b4   0x0000001e   Code   RO         5256    .text               mc_w.l(llshl.o)
    0x080006d2   0x080006d2   0x00000020   Code   RO         5258    .text               mc_w.l(llushr.o)
    0x080006f2   0x080006f2   0x00000024   Code   RO         5260    .text               mc_w.l(llsshr.o)
    0x08000716   0x08000716   0x00000000   Code   RO         5269    .text               mc_w.l(iusefp.o)
    0x08000716   0x08000716   0x0000006e   Code   RO         5270    .text               mf_w.l(fepilogue.o)
    0x08000784   0x08000784   0x000000ba   Code   RO         5272    .text               mf_w.l(depilogue.o)
    0x0800083e   0x0800083e   0x000000a2   Code   RO         5274    .text               mf_w.l(dsqrt.o)
    0x080008e0   0x080008e0   0x00000030   Code   RO         5276    .text               mf_w.l(dfixul.o)
    0x08000910   0x08000910   0x00000024   Code   RO         5278    .text               mc_w.l(init.o)
    0x08000934   0x08000934   0x00000056   Code   RO         5288    .text               mc_w.l(__dczerorl2.o)
    0x0800098a   0x0800098a   0x00000002   PAD
    0x0800098c   0x0800098c   0x00000058   Code   RO          345    i.APP_Navigate_Init  app_navigate.o
    0x080009e4   0x080009e4   0x0000059c   Code   RO          347    i.APP_Navigate_Update  app_navigate.o
    0x08000f80   0x08000f80   0x000000e0   Code   RO          269    i.App_Init          app_init.o
    0x08001060   0x08001060   0x00000004   Code   RO          696    i.BSP_UART2_IDLE_Handler  bsp_callbacks.o
    0x08001064   0x08001064   0x00000002   Code   RO         1502    i.BusFault_Handler  stm32f4xx_it.o
    0x08001066   0x08001066   0x00000002   PAD
    0x08001068   0x08001068   0x000000c0   Code   RO            4    i.Chassis_ControlLoop  chassis_task.o
    0x08001128   0x08001128   0x00000050   Code   RO            5    i.Chassis_EmergencyStop  chassis_task.o
    0x08001178   0x08001178   0x0000008c   Code   RO            7    i.Chassis_Init      chassis_task.o
    0x08001204   0x08001204   0x00000024   Code   RO            8    i.Chassis_PID_Enable  chassis_task.o
    0x08001228   0x08001228   0x00000040   Code   RO           10    i.Chassis_SetTarget  chassis_task.o
    0x08001268   0x08001268   0x00000018   Code   RO          486    i.CoordSolver_Init  coord_solver.o
    0x08001280   0x08001280   0x000001d0   Code   RO          487    i.CoordSolver_SetAnchors  coord_solver.o
    0x08001450   0x08001450   0x00000058   Code   RO          488    i.CoordSolver_Transform  coord_solver.o
    0x080014a8   0x080014a8   0x0000000c   Code   RO         1503    i.DMA1_Stream5_IRQHandler  stm32f4xx_it.o
    0x080014b4   0x080014b4   0x0000000c   Code   RO         1504    i.DMA2_Stream2_IRQHandler  stm32f4xx_it.o
    0x080014c0   0x080014c0   0x0000002c   Code   RO         2720    i.DMA_CalcBaseAndBitshift  stm32f4xx_hal_dma.o
    0x080014ec   0x080014ec   0x00000078   Code   RO         2721    i.DMA_CheckFifoParam  stm32f4xx_hal_dma.o
    0x08001564   0x08001564   0x0000002a   Code   RO         2722    i.DMA_SetConfig     stm32f4xx_hal_dma.o
    0x0800158e   0x0800158e   0x00000002   Code   RO         1505    i.DebugMon_Handler  stm32f4xx_it.o
    0x08001590   0x08001590   0x0000000c   Code   RO          805    i.Encoder_GetLeftOdom_mm  bsp_encoder.o
    0x0800159c   0x0800159c   0x0000000c   Code   RO          807    i.Encoder_GetLeftSpeed_mm_s  bsp_encoder.o
    0x080015a8   0x080015a8   0x0000000c   Code   RO          808    i.Encoder_GetRightOdom_mm  bsp_encoder.o
    0x080015b4   0x080015b4   0x0000000c   Code   RO          810    i.Encoder_GetRightSpeed_mm_s  bsp_encoder.o
    0x080015c0   0x080015c0   0x00000078   Code   RO          811    i.Encoder_Init      bsp_encoder.o
    0x08001638   0x08001638   0x00000018   Code   RO          812    i.Encoder_ResetOdom  bsp_encoder.o
    0x08001650   0x08001650   0x000000bc   Code   RO          813    i.Encoder_Update    bsp_encoder.o
    0x0800170c   0x0800170c   0x00000004   Code   RO         1236    i.Error_Handler     main.o
    0x08001710   0x08001710   0x000000e8   Code   RO          697    i.GyroHold_Calibrate  bsp_callbacks.o
    0x080017f8   0x080017f8   0x00000100   Code   RO          698    i.GyroHold_ComputeW  bsp_callbacks.o
    0x080018f8   0x080018f8   0x00000028   Code   RO          699    i.GyroHold_ReadIMU  bsp_callbacks.o
    0x08001920   0x08001920   0x00000178   Code   RO          700    i.GyroHold_Update   bsp_callbacks.o
    0x08001a98   0x08001a98   0x00000014   Code   RO          701    i.GyroYaw_Reset     bsp_callbacks.o
    0x08001aac   0x08001aac   0x0000000c   Code   RO          702    i.Gyro_Enable       bsp_callbacks.o
    0x08001ab8   0x08001ab8   0x0000008e   Code   RO         2723    i.HAL_DMA_Abort     stm32f4xx_hal_dma.o
    0x08001b46   0x08001b46   0x00000024   Code   RO         2724    i.HAL_DMA_Abort_IT  stm32f4xx_hal_dma.o
    0x08001b6a   0x08001b6a   0x00000002   PAD
    0x08001b6c   0x08001b6c   0x000001d0   Code   RO         2728    i.HAL_DMA_IRQHandler  stm32f4xx_hal_dma.o
    0x08001d3c   0x08001d3c   0x000000d4   Code   RO         2729    i.HAL_DMA_Init      stm32f4xx_hal_dma.o
    0x08001e10   0x08001e10   0x0000006e   Code   RO         2733    i.HAL_DMA_Start_IT  stm32f4xx_hal_dma.o
    0x08001e7e   0x08001e7e   0x00000002   PAD
    0x08001e80   0x08001e80   0x00000024   Code   RO         3184    i.HAL_Delay         stm32f4xx_hal.o
    0x08001ea4   0x08001ea4   0x000001a8   Code   RO         2616    i.HAL_GPIO_Init     stm32f4xx_hal_gpio.o
    0x0800204c   0x0800204c   0x00000010   Code   RO         2619    i.HAL_GPIO_TogglePin  stm32f4xx_hal_gpio.o
    0x0800205c   0x0800205c   0x0000000e   Code   RO         2620    i.HAL_GPIO_WritePin  stm32f4xx_hal_gpio.o
    0x0800206a   0x0800206a   0x00000002   PAD
    0x0800206c   0x0800206c   0x0000000c   Code   RO         3190    i.HAL_GetTick       stm32f4xx_hal.o
    0x08002078   0x08002078   0x00000198   Code   RO         1656    i.HAL_I2C_Init      stm32f4xx_hal_i2c.o
    0x08002210   0x08002210   0x0000029c   Code   RO         1674    i.HAL_I2C_Mem_Read  stm32f4xx_hal_i2c.o
    0x080024ac   0x080024ac   0x00000144   Code   RO         1677    i.HAL_I2C_Mem_Write  stm32f4xx_hal_i2c.o
    0x080025f0   0x080025f0   0x00000068   Code   RO         1323    i.HAL_I2C_MspInit   i2c.o
    0x08002658   0x08002658   0x00000010   Code   RO         3196    i.HAL_IncTick       stm32f4xx_hal.o
    0x08002668   0x08002668   0x00000034   Code   RO         3197    i.HAL_Init          stm32f4xx_hal.o
    0x0800269c   0x0800269c   0x00000044   Code   RO         3198    i.HAL_InitTick      stm32f4xx_hal.o
    0x080026e0   0x080026e0   0x00000030   Code   RO         1614    i.HAL_MspInit       stm32f4xx_hal_msp.o
    0x08002710   0x08002710   0x0000001a   Code   RO         3032    i.HAL_NVIC_EnableIRQ  stm32f4xx_hal_cortex.o
    0x0800272a   0x0800272a   0x00000002   PAD
    0x0800272c   0x0800272c   0x00000040   Code   RO         3038    i.HAL_NVIC_SetPriority  stm32f4xx_hal_cortex.o
    0x0800276c   0x0800276c   0x00000024   Code   RO         3039    i.HAL_NVIC_SetPriorityGrouping  stm32f4xx_hal_cortex.o
    0x08002790   0x08002790   0x0000014c   Code   RO         2153    i.HAL_RCC_ClockConfig  stm32f4xx_hal_rcc.o
    0x080028dc   0x080028dc   0x0000000c   Code   RO         2158    i.HAL_RCC_GetHCLKFreq  stm32f4xx_hal_rcc.o
    0x080028e8   0x080028e8   0x00000020   Code   RO         2160    i.HAL_RCC_GetPCLK1Freq  stm32f4xx_hal_rcc.o
    0x08002908   0x08002908   0x00000020   Code   RO         2161    i.HAL_RCC_GetPCLK2Freq  stm32f4xx_hal_rcc.o
    0x08002928   0x08002928   0x0000006c   Code   RO         2162    i.HAL_RCC_GetSysClockFreq  stm32f4xx_hal_rcc.o
    0x08002994   0x08002994   0x000003c0   Code   RO         2165    i.HAL_RCC_OscConfig  stm32f4xx_hal_rcc.o
    0x08002d54   0x08002d54   0x00000028   Code   RO         3043    i.HAL_SYSTICK_Config  stm32f4xx_hal_cortex.o
    0x08002d7c   0x08002d7c   0x00000002   Code   RO         4152    i.HAL_TIMEx_BreakCallback  stm32f4xx_hal_tim_ex.o
    0x08002d7e   0x08002d7e   0x00000002   Code   RO         4153    i.HAL_TIMEx_CommutCallback  stm32f4xx_hal_tim_ex.o
    0x08002d80   0x08002d80   0x00000054   Code   RO         4155    i.HAL_TIMEx_ConfigBreakDeadTime  stm32f4xx_hal_tim_ex.o
    0x08002dd4   0x08002dd4   0x0000007c   Code   RO         4171    i.HAL_TIMEx_MasterConfigSynchronization  stm32f4xx_hal_tim_ex.o
    0x08002e50   0x08002e50   0x0000004a   Code   RO         3437    i.HAL_TIM_Base_Init  stm32f4xx_hal_tim.o
    0x08002e9a   0x08002e9a   0x00000002   PAD
    0x08002e9c   0x08002e9c   0x00000074   Code   RO         1365    i.HAL_TIM_Base_MspInit  tim.o
    0x08002f10   0x08002f10   0x00000078   Code   RO         3442    i.HAL_TIM_Base_Start_IT  stm32f4xx_hal_tim.o
    0x08002f88   0x08002f88   0x000000e8   Code   RO         3446    i.HAL_TIM_ConfigClockSource  stm32f4xx_hal_tim.o
    0x08003070   0x08003070   0x000000b4   Code   RO         3458    i.HAL_TIM_Encoder_Init  stm32f4xx_hal_tim.o
    0x08003124   0x08003124   0x000000a0   Code   RO         1367    i.HAL_TIM_Encoder_MspInit  tim.o
    0x080031c4   0x080031c4   0x000000a8   Code   RO         3461    i.HAL_TIM_Encoder_Start  stm32f4xx_hal_tim.o
    0x0800326c   0x0800326c   0x00000002   Code   RO         3471    i.HAL_TIM_IC_CaptureCallback  stm32f4xx_hal_tim.o
    0x0800326e   0x0800326e   0x00000138   Code   RO         3485    i.HAL_TIM_IRQHandler  stm32f4xx_hal_tim.o
    0x080033a6   0x080033a6   0x00000002   PAD
    0x080033a8   0x080033a8   0x0000008c   Code   RO         1368    i.HAL_TIM_MspPostInit  tim.o
    0x08003434   0x08003434   0x00000002   Code   RO         3488    i.HAL_TIM_OC_DelayElapsedCallback  stm32f4xx_hal_tim.o
    0x08003436   0x08003436   0x000000d8   Code   RO         3509    i.HAL_TIM_PWM_ConfigChannel  stm32f4xx_hal_tim.o
    0x0800350e   0x0800350e   0x0000004a   Code   RO         3512    i.HAL_TIM_PWM_Init  stm32f4xx_hal_tim.o
    0x08003558   0x08003558   0x00000002   Code   RO         3514    i.HAL_TIM_PWM_MspInit  stm32f4xx_hal_tim.o
    0x0800355a   0x0800355a   0x00000002   Code   RO         3515    i.HAL_TIM_PWM_PulseFinishedCallback  stm32f4xx_hal_tim.o
    0x0800355c   0x0800355c   0x000000c0   Code   RO         3517    i.HAL_TIM_PWM_Start  stm32f4xx_hal_tim.o
    0x0800361c   0x0800361c   0x0000004c   Code   RO          703    i.HAL_TIM_PeriodElapsedCallback  bsp_callbacks.o
    0x08003668   0x08003668   0x00000002   Code   RO         3528    i.HAL_TIM_TriggerCallback  stm32f4xx_hal_tim.o
    0x0800366a   0x0800366a   0x00000002   Code   RO         4431    i.HAL_UARTEx_RxEventCallback  stm32f4xx_hal_uart.o
    0x0800366c   0x0800366c   0x00000002   Code   RO         4445    i.HAL_UART_ErrorCallback  stm32f4xx_hal_uart.o
    0x0800366e   0x0800366e   0x00000002   PAD
    0x08003670   0x08003670   0x00000248   Code   RO         4448    i.HAL_UART_IRQHandler  stm32f4xx_hal_uart.o
    0x080038b8   0x080038b8   0x00000066   Code   RO         4449    i.HAL_UART_Init     stm32f4xx_hal_uart.o
    0x0800391e   0x0800391e   0x00000002   PAD
    0x08003920   0x08003920   0x000001ac   Code   RO         1449    i.HAL_UART_MspInit  usart.o
    0x08003acc   0x08003acc   0x0000001c   Code   RO         4453    i.HAL_UART_Receive_DMA  stm32f4xx_hal_uart.o
    0x08003ae8   0x08003ae8   0x0000001c   Code   RO         4454    i.HAL_UART_Receive_IT  stm32f4xx_hal_uart.o
    0x08003b04   0x08003b04   0x00000070   Code   RO          704    i.HAL_UART_RxCpltCallback  bsp_callbacks.o
    0x08003b74   0x08003b74   0x00000002   Code   RO         4456    i.HAL_UART_RxHalfCpltCallback  stm32f4xx_hal_uart.o
    0x08003b76   0x08003b76   0x000000ae   Code   RO         4457    i.HAL_UART_Transmit  stm32f4xx_hal_uart.o
    0x08003c24   0x08003c24   0x00000002   Code   RO         4460    i.HAL_UART_TxCpltCallback  stm32f4xx_hal_uart.o
    0x08003c26   0x08003c26   0x00000002   PAD
    0x08003c28   0x08003c28   0x00000018   Code   RO          705    i.HLD_get_yaw_deg   bsp_callbacks.o
    0x08003c40   0x08003c40   0x0000000c   Code   RO          706    i.HLD_get_yaw_rad   bsp_callbacks.o
    0x08003c4c   0x08003c4c   0x00000002   Code   RO         1506    i.HardFault_Handler  stm32f4xx_it.o
    0x08003c4e   0x08003c4e   0x00000002   PAD
    0x08003c50   0x08003c50   0x00000020   Code   RO          707    i.HoldYaw_Lock      bsp_callbacks.o
    0x08003c70   0x08003c70   0x00000018   Code   RO          708    i.HoldYaw_Release   bsp_callbacks.o
    0x08003c88   0x08003c88   0x00000038   Code   RO         1039    i.HostUART_CheckTimeout  bsp_uart.o
    0x08003cc0   0x08003cc0   0x00000058   Code   RO         1040    i.HostUART_Init     bsp_uart.o
    0x08003d18   0x08003d18   0x00000124   Code   RO         1041    i.HostUART_ParseByte  bsp_uart.o
    0x08003e3c   0x08003e3c   0x00000048   Code   RO         1042    i.HostUART_SendPacket  bsp_uart.o
    0x08003e84   0x08003e84   0x0000002e   Code   RO         1700    i.I2C_IsAcknowledgeFailed  stm32f4xx_hal_i2c.o
    0x08003eb2   0x08003eb2   0x00000002   PAD
    0x08003eb4   0x08003eb4   0x00000140   Code   RO         1711    i.I2C_RequestMemoryRead  stm32f4xx_hal_i2c.o
    0x08003ff4   0x08003ff4   0x000000c4   Code   RO         1712    i.I2C_RequestMemoryWrite  stm32f4xx_hal_i2c.o
    0x080040b8   0x080040b8   0x00000058   Code   RO         1720    i.I2C_WaitOnBTFFlagUntilTimeout  stm32f4xx_hal_i2c.o
    0x08004110   0x08004110   0x000000ac   Code   RO         1721    i.I2C_WaitOnFlagUntilTimeout  stm32f4xx_hal_i2c.o
    0x080041bc   0x080041bc   0x000000c8   Code   RO         1722    i.I2C_WaitOnMasterAddressFlagUntilTimeout  stm32f4xx_hal_i2c.o
    0x08004284   0x08004284   0x00000076   Code   RO         1723    i.I2C_WaitOnRXNEFlagUntilTimeout  stm32f4xx_hal_i2c.o
    0x080042fa   0x080042fa   0x00000058   Code   RO         1726    i.I2C_WaitOnTXEFlagUntilTimeout  stm32f4xx_hal_i2c.o
    0x08004352   0x08004352   0x000001ce   Code   RO         1172    i.Kalman_getAngle   mpu6050.o
    0x08004520   0x08004520   0x00000038   Code   RO          192    i.Kinematics_Forward  kinematics.o
    0x08004558   0x08004558   0x00000020   Code   RO          193    i.Kinematics_Inverse  kinematics.o
    0x08004578   0x08004578   0x00000040   Code   RO          881    i.Lidar_GetScan     bsp_lidar.o
    0x080045b8   0x080045b8   0x0000005c   Code   RO          882    i.Lidar_Init        bsp_lidar.o
    0x08004614   0x08004614   0x0000000c   Code   RO          884    i.Lidar_MarkDataPending  bsp_lidar.o
    0x08004620   0x08004620   0x00000018   Code   RO          886    i.Lidar_MotorOn     bsp_lidar.o
    0x08004638   0x08004638   0x0000001a   Code   RO          887    i.Lidar_ParseFrame  bsp_lidar.o
    0x08004652   0x08004652   0x00000002   PAD
    0x08004654   0x08004654   0x00000064   Code   RO          888    i.Lidar_Poll        bsp_lidar.o
    0x080046b8   0x080046b8   0x000000d0   Code   RO         1173    i.MPU6050_Init      mpu6050.o
    0x08004788   0x08004788   0x00000370   Code   RO         1175    i.MPU6050_Read_All  mpu6050.o
    0x08004af8   0x08004af8   0x0000004c   Code   RO         1298    i.MX_DMA_Init       dma.o
    0x08004b44   0x08004b44   0x000000a8   Code   RO         1274    i.MX_GPIO_Init      gpio.o
    0x08004bec   0x08004bec   0x00000040   Code   RO         1324    i.MX_I2C1_Init      i2c.o
    0x08004c2c   0x08004c2c   0x00000064   Code   RO         1369    i.MX_TIM10_Init     tim.o
    0x08004c90   0x08004c90   0x000000d8   Code   RO         1370    i.MX_TIM1_Init      tim.o
    0x08004d68   0x08004d68   0x00000068   Code   RO         1371    i.MX_TIM2_Init      tim.o
    0x08004dd0   0x08004dd0   0x0000006c   Code   RO         1372    i.MX_TIM3_Init      tim.o
    0x08004e3c   0x08004e3c   0x00000068   Code   RO         1373    i.MX_TIM4_Init      tim.o
    0x08004ea4   0x08004ea4   0x00000038   Code   RO         1450    i.MX_USART1_UART_Init  usart.o
    0x08004edc   0x08004edc   0x00000038   Code   RO         1451    i.MX_USART2_UART_Init  usart.o
    0x08004f14   0x08004f14   0x00000038   Code   RO         1452    i.MX_USART6_UART_Init  usart.o
    0x08004f4c   0x08004f4c   0x00000020   Code   RO          536    i.Map_Init          map_manager.o
    0x08004f6c   0x08004f6c   0x00000368   Code   RO          539    i.Map_LoadDefault   map_manager.o
    0x080052d4   0x080052d4   0x00000002   Code   RO         1507    i.MemManage_Handler  stm32f4xx_it.o
    0x080052d6   0x080052d6   0x00000044   Code   RO          980    i.Motor_ActiveBrake  bsp_motor.o
    0x0800531a   0x0800531a   0x00000002   PAD
    0x0800531c   0x0800531c   0x0000004c   Code   RO          981    i.Motor_Brake       bsp_motor.o
    0x08005368   0x08005368   0x0000001c   Code   RO          982    i.Motor_Init        bsp_motor.o
    0x08005384   0x08005384   0x000000c8   Code   RO          983    i.Motor_SetBoth     bsp_motor.o
    0x0800544c   0x0800544c   0x00000002   Code   RO         1508    i.NMI_Handler       stm32f4xx_it.o
    0x0800544e   0x0800544e   0x00000002   PAD
    0x08005450   0x08005450   0x0000034c   Code   RO          348    i.Nav_ApplyLidarAssist  app_navigate.o
    0x0800579c   0x0800579c   0x0000016c   Code   RO          349    i.Nav_EnterState    app_navigate.o
    0x08005908   0x08005908   0x000000a8   Code   RO          350    i.Nav_GetPlanningStart  app_navigate.o
    0x080059b0   0x080059b0   0x00000020   Code   RO          351    i.Nav_ResetFilter   app_navigate.o
    0x080059d0   0x080059d0   0x00000038   Code   RO          352    i.Nav_SetTarget     app_navigate.o
    0x08005a08   0x08005a08   0x000000f8   Code   RO          353    i.Nav_UpdatePose    app_navigate.o
    0x08005b00   0x08005b00   0x000000ae   Code   RO          222    i.PID_Compute       pid.o
    0x08005bae   0x08005bae   0x00000020   Code   RO          223    i.PID_Init          pid.o
    0x08005bce   0x08005bce   0x00000002   PAD
    0x08005bd0   0x08005bd0   0x00000024   Code   RO          224    i.PID_Reset         pid.o
    0x08005bf4   0x08005bf4   0x00000006   Code   RO          225    i.PID_SetTarget     pid.o
    0x08005bfa   0x08005bfa   0x00000002   PAD
    0x08005bfc   0x08005bfc   0x0000001c   Code   RO          596    i.Path_Advance      path_planner.o
    0x08005c18   0x08005c18   0x00000020   Code   RO          597    i.Path_CurrentWP    path_planner.o
    0x08005c38   0x08005c38   0x00000008   Code   RO          600    i.Path_GetWPs       path_planner.o
    0x08005c40   0x08005c40   0x000000c8   Code   RO          601    i.Path_Init         path_planner.o
    0x08005d08   0x08005d08   0x0000027c   Code   RO          603    i.Path_Plan         path_planner.o
    0x08005f84   0x08005f84   0x00000002   Code   RO         1509    i.PendSV_Handler    stm32f4xx_it.o
    0x08005f86   0x08005f86   0x00000002   Code   RO         1510    i.SVC_Handler       stm32f4xx_it.o
    0x08005f88   0x08005f88   0x00000004   Code   RO         1511    i.SysTick_Handler   stm32f4xx_it.o
    0x08005f8c   0x08005f8c   0x00000090   Code   RO         1237    i.SystemClock_Config  main.o
    0x0800601c   0x0800601c   0x00000010   Code   RO         4793    i.SystemInit        system_stm32f4xx.o
    0x0800602c   0x0800602c   0x0000000c   Code   RO         1512    i.TIM4_IRQHandler   stm32f4xx_it.o
    0x08006038   0x08006038   0x000000a0   Code   RO         3530    i.TIM_Base_SetConfig  stm32f4xx_hal_tim.o
    0x080060d8   0x080060d8   0x0000001a   Code   RO         3531    i.TIM_CCxChannelCmd  stm32f4xx_hal_tim.o
    0x080060f2   0x080060f2   0x00000014   Code   RO         3541    i.TIM_ETR_SetConfig  stm32f4xx_hal_tim.o
    0x08006106   0x08006106   0x00000010   Code   RO         3542    i.TIM_ITRx_SetConfig  stm32f4xx_hal_tim.o
    0x08006116   0x08006116   0x00000002   PAD
    0x08006118   0x08006118   0x00000060   Code   RO         3543    i.TIM_OC1_SetConfig  stm32f4xx_hal_tim.o
    0x08006178   0x08006178   0x00000064   Code   RO         3544    i.TIM_OC2_SetConfig  stm32f4xx_hal_tim.o
    0x080061dc   0x080061dc   0x00000060   Code   RO         3545    i.TIM_OC3_SetConfig  stm32f4xx_hal_tim.o
    0x0800623c   0x0800623c   0x00000048   Code   RO         3546    i.TIM_OC4_SetConfig  stm32f4xx_hal_tim.o
    0x08006284   0x08006284   0x00000022   Code   RO         3548    i.TIM_TI1_ConfigInputStage  stm32f4xx_hal_tim.o
    0x080062a6   0x080062a6   0x00000024   Code   RO         3550    i.TIM_TI2_ConfigInputStage  stm32f4xx_hal_tim.o
    0x080062ca   0x080062ca   0x0000000e   Code   RO         4462    i.UART_DMAAbortOnError  stm32f4xx_hal_uart.o
    0x080062d8   0x080062d8   0x0000004a   Code   RO         4463    i.UART_DMAError     stm32f4xx_hal_uart.o
    0x08006322   0x08006322   0x00000086   Code   RO         4464    i.UART_DMAReceiveCplt  stm32f4xx_hal_uart.o
    0x080063a8   0x080063a8   0x0000001e   Code   RO         4466    i.UART_DMARxHalfCplt  stm32f4xx_hal_uart.o
    0x080063c6   0x080063c6   0x0000004e   Code   RO         4472    i.UART_EndRxTransfer  stm32f4xx_hal_uart.o
    0x08006414   0x08006414   0x0000001a   Code   RO         4473    i.UART_EndTransmit_IT  stm32f4xx_hal_uart.o
    0x0800642e   0x0800642e   0x0000001c   Code   RO         4474    i.UART_EndTxTransfer  stm32f4xx_hal_uart.o
    0x0800644a   0x0800644a   0x000000c8   Code   RO         4475    i.UART_Receive_IT   stm32f4xx_hal_uart.o
    0x08006512   0x08006512   0x00000002   PAD
    0x08006514   0x08006514   0x00000114   Code   RO         4476    i.UART_SetConfig    stm32f4xx_hal_uart.o
    0x08006628   0x08006628   0x000000a4   Code   RO         4477    i.UART_Start_Receive_DMA  stm32f4xx_hal_uart.o
    0x080066cc   0x080066cc   0x00000038   Code   RO         4478    i.UART_Start_Receive_IT  stm32f4xx_hal_uart.o
    0x08006704   0x08006704   0x0000005e   Code   RO         4479    i.UART_Transmit_IT  stm32f4xx_hal_uart.o
    0x08006762   0x08006762   0x00000074   Code   RO         4480    i.UART_WaitOnFlagUntilTimeout  stm32f4xx_hal_uart.o
    0x080067d6   0x080067d6   0x00000002   PAD
    0x080067d8   0x080067d8   0x0000000c   Code   RO         1513    i.USART1_IRQHandler  stm32f4xx_it.o
    0x080067e4   0x080067e4   0x00000024   Code   RO         1514    i.USART2_IRQHandler  stm32f4xx_it.o
    0x08006808   0x08006808   0x0000000c   Code   RO         1515    i.USART6_IRQHandler  stm32f4xx_it.o
    0x08006814   0x08006814   0x00000008   Code   RO         1106    i.UWB_GetState      bsp_uwb.o
    0x0800681c   0x0800681c   0x00000058   Code   RO         1107    i.UWB_Init          bsp_uwb.o
    0x08006874   0x08006874   0x000003d4   Code   RO         1108    i.UWB_Poll          bsp_uwb.o
    0x08006c48   0x08006c48   0x000000e4   Code   RO         1109    i.UWB_RxCallback    bsp_uwb.o
    0x08006d2c   0x08006d2c   0x00000054   Code   RO         1110    i.UWB_SetDelay      bsp_uwb.o
    0x08006d80   0x08006d80   0x00000002   Code   RO         1516    i.UsageFault_Handler  stm32f4xx_it.o
    0x08006d82   0x08006d82   0x00000002   PAD
    0x08006d84   0x08006d84   0x00000020   Code   RO         5151    i.__0printf         mc_w.l(printfa.o)
    0x08006da4   0x08006da4   0x00000030   Code   RO         5213    i.__ARM_fpclassify  m_wm.l(fpclassify.o)
    0x08006dd4   0x08006dd4   0x00000026   Code   RO         5215    i.__ARM_fpclassifyf  m_wm.l(fpclassifyf.o)
    0x08006dfa   0x08006dfa   0x00000020   Code   RO         3045    i.__NVIC_SetPriority  stm32f4xx_hal_cortex.o
    0x08006e1a   0x08006e1a   0x00000006   PAD
    0x08006e20   0x08006e20   0x000002d8   Code   RO         4827    i.__hardfp_atan     m_wm.l(atan.o)
    0x080070f8   0x080070f8   0x00000200   Code   RO         4841    i.__hardfp_atan2    m_wm.l(atan2.o)
    0x080072f8   0x080072f8   0x00000150   Code   RO         4853    i.__hardfp_cosf     m_wm.l(cosf.o)
    0x08007448   0x08007448   0x00000014   Code   RO         4865    i.__hardfp_fabs     m_wm.l(fabs.o)
    0x0800745c   0x0800745c   0x00000190   Code   RO         4871    i.__hardfp_sinf     m_wm.l(sinf.o)
    0x080075ec   0x080075ec   0x0000007a   Code   RO         4883    i.__hardfp_sqrt     m_wm.l(sqrt.o)
    0x08007666   0x08007666   0x0000003a   Code   RO         4895    i.__hardfp_sqrtf    m_wm.l(sqrtf.o)
    0x080076a0   0x080076a0   0x000000f8   Code   RO         5231    i.__kernel_poly     m_wm.l(poly.o)
    0x08007798   0x08007798   0x00000014   Code   RO         5200    i.__mathlib_dbl_infnan  m_wm.l(dunder.o)
    0x080077ac   0x080077ac   0x00000014   Code   RO         5201    i.__mathlib_dbl_infnan2  m_wm.l(dunder.o)
    0x080077c0   0x080077c0   0x00000020   Code   RO         5205    i.__mathlib_dbl_underflow  m_wm.l(dunder.o)
    0x080077e0   0x080077e0   0x00000006   Code   RO         5218    i.__mathlib_flt_infnan  m_wm.l(funder.o)
    0x080077e6   0x080077e6   0x00000002   PAD
    0x080077e8   0x080077e8   0x00000010   Code   RO         5220    i.__mathlib_flt_invalid  m_wm.l(funder.o)
    0x080077f8   0x080077f8   0x00000010   Code   RO         5223    i.__mathlib_flt_underflow  m_wm.l(funder.o)
    0x08007808   0x08007808   0x00000154   Code   RO         5234    i.__mathlib_rredf2  m_wm.l(rredf.o)
    0x0800795c   0x0800795c   0x0000000e   Code   RO         5282    i.__scatterload_copy  mc_w.l(handlers.o)
    0x0800796a   0x0800796a   0x00000002   Code   RO         5283    i.__scatterload_null  mc_w.l(handlers.o)
    0x0800796c   0x0800796c   0x0000000e   Code   RO         5284    i.__scatterload_zeroinit  mc_w.l(handlers.o)
    0x0800797a   0x0800797a   0x00000002   PAD
    0x0800797c   0x0800797c   0x0000000c   Code   RO         5264    i.__set_errno       mc_w.l(errno.o)
    0x08007988   0x08007988   0x00000184   Code   RO         5158    i._fp_digits        mc_w.l(printfa.o)
    0x08007b0c   0x08007b0c   0x000006b4   Code   RO         5159    i._printf_core      mc_w.l(printfa.o)
    0x080081c0   0x080081c0   0x00000024   Code   RO         5160    i._printf_post_padding  mc_w.l(printfa.o)
    0x080081e4   0x080081e4   0x0000002e   Code   RO         5161    i._printf_pre_padding  mc_w.l(printfa.o)
    0x08008212   0x08008212   0x00000002   PAD
    0x08008214   0x08008214   0x00000028   Code   RO          604    i.add_edge          path_planner.o
    0x0800823c   0x0800823c   0x00000034   Code   RO          354    i.angle_normalize   app_navigate.o
    0x08008270   0x08008270   0x00000010   Code   RO         4829    i.atan              m_wm.l(atan.o)
    0x08008280   0x08008280   0x00000020   Code   RO          226    i.clamp             pid.o
    0x080082a0   0x080082a0   0x00000022   Code   RO          986    i.clamp_duty        bsp_motor.o
    0x080082c2   0x080082c2   0x00000002   PAD
    0x080082c4   0x080082c4   0x00000054   Code   RO          605    i.connect_both      path_planner.o
    0x08008318   0x08008318   0x00000044   Code   RO          355    i.detect_aisle      app_navigate.o
    0x0800835c   0x0800835c   0x00000018   Code   RO         4867    i.fabs              m_wm.l(fabs.o)
    0x08008374   0x08008374   0x00000018   Code   RO          709    i.fputc             bsp_callbacks.o
    0x0800838c   0x0800838c   0x00000036   Code   RO          356    i.heading_from_delta  app_navigate.o
    0x080083c2   0x080083c2   0x00000002   PAD
    0x080083c4   0x080083c4   0x00000054   Code   RO          606    i.heuristic         path_planner.o
    0x08008418   0x08008418   0x000000b2   Code   RO         1044    i.host_dispatch     bsp_uart.o
    0x080084ca   0x080084ca   0x00000024   Code   RO          357    i.lane_center_y     app_navigate.o
    0x080084ee   0x080084ee   0x0000002e   Code   RO          607    i.lane_of_y         path_planner.o
    0x0800851c   0x0800851c   0x00000020   Code   RO          889    i.ld06_crc8         bsp_lidar.o
    0x0800853c   0x0800853c   0x00000074   Code   RO          890    i.lidar_parse_byte  bsp_lidar.o
    0x080085b0   0x080085b0   0x00000158   Code   RO          891    i.lidar_parse_packet  bsp_lidar.o
    0x08008708   0x08008708   0x0000041c   Code   RO         1238    i.main              main.o
    0x08008b24   0x08008b24   0x00000174   Code   RO          489    i.mat3_inverse      coord_solver.o
    0x08008c98   0x08008c98   0x000000c4   Code   RO         1045    i.parse_ascii_number  bsp_uart.o
    0x08008d5c   0x08008d5c   0x000000cc   Code   RO         1046    i.parse_delay_cmd   bsp_uart.o
    0x08008e28   0x08008e28   0x0000007c   Code   RO          892    i.polar_to_cart     bsp_lidar.o
    0x08008ea4   0x08008ea4   0x0000006c   Code   RO          608    i.pop_min_f         path_planner.o
    0x08008f10   0x08008f10   0x00000098   Code   RO          540    i.rasterize_rect    map_manager.o
    0x08008fa8   0x08008fa8   0x00000028   Code   RO         1111    i.slant_to_horiz    bsp_uwb.o
    0x08008fd0   0x08008fd0   0x00000270   Code   RO         1112    i.trilat2D_3A       bsp_uwb.o
    0x08009240   0x08009240   0x00000060   Code   RO          609    i.try_direct_path   path_planner.o
    0x080092a0   0x080092a0   0x0000003c   Code   RO          358    i.turn_delta_to_heading  app_navigate.o
    0x080092dc   0x080092dc   0x00000040   Code   RO          541    i.world_to_cell     map_manager.o
    0x0800931c   0x0800931c   0x00000024   Data   RO          491    .constdata          coord_solver.o
    0x08009340   0x08009340   0x000000f4   Data   RO          543    .constdata          map_manager.o
    0x08009434   0x08009434   0x00000039   Data   RO          611    .constdata          path_planner.o
    0x0800946d   0x0800946d   0x00000100   Data   RO          894    .constdata          bsp_lidar.o
    0x0800956d   0x0800956d   0x00000003   PAD
    0x08009570   0x08009570   0x00000018   Data   RO         1114    .constdata          bsp_uwb.o
    0x08009588   0x08009588   0x00000008   Data   RO         2735    .constdata          stm32f4xx_hal_dma.o
    0x08009590   0x08009590   0x00000010   Data   RO         4794    .constdata          system_stm32f4xx.o
    0x080095a0   0x080095a0   0x00000008   Data   RO         4795    .constdata          system_stm32f4xx.o
    0x080095a8   0x080095a8   0x00000098   Data   RO         4830    .constdata          m_wm.l(atan.o)
    0x08009640   0x08009640   0x00000008   Data   RO         5233    .constdata          m_wm.l(qnan.o)
    0x08009648   0x08009648   0x00000020   Data   RO         5235    .constdata          m_wm.l(rredf.o)
    0x08009668   0x08009668   0x00000086   Data   RO         1239    .conststring        main.o
    0x080096ee   0x080096ee   0x00000002   PAD
    0x080096f0   0x080096f0   0x00000020   Data   RO         5280    Region$$Table       anon$$obj.o


    Execution Region RW_IRAM1 (Exec base: 0x20000000, Load base: 0x08009710, Size: 0x00015880, Max: 0x00020000, ABSOLUTE, COMPRESSED[0x00000038])

    Exec Addr    Load Addr    Size         Type   Attr      Idx    E Section Name        Object

    0x20000000   COMPRESSED   0x00000024   Data   RW           12    .data               chassis_task.o
    0x20000024   COMPRESSED   0x0000005c   Data   RW          360    .data               app_navigate.o
    0x20000080   COMPRESSED   0x00000001   Data   RW          361    .data               app_navigate.o
    0x20000081   COMPRESSED   0x00000003   PAD
    0x20000084   COMPRESSED   0x00000004   Data   RW          362    .data               app_navigate.o
    0x20000088   COMPRESSED   0x00000004   Data   RW          363    .data               app_navigate.o
    0x2000008c   COMPRESSED   0x00000001   Data   RW          364    .data               app_navigate.o
    0x2000008d   COMPRESSED   0x00000005   Data   RW          612    .data               path_planner.o
    0x20000092   COMPRESSED   0x00000002   PAD
    0x20000094   COMPRESSED   0x00000028   Data   RW          710    .data               bsp_callbacks.o
    0x200000bc   COMPRESSED   0x0000002c   Data   RW          814    .data               bsp_encoder.o
    0x200000e8   COMPRESSED   0x0000000c   Data   RW          895    .data               bsp_lidar.o
    0x200000f4   COMPRESSED   0x0000000c   Data   RW         1048    .data               bsp_uart.o
    0x20000100   COMPRESSED   0x00000048   Data   RW         1115    .data               bsp_uwb.o
    0x20000148   COMPRESSED   0x00000098   Data   RW         1181    .data               mpu6050.o
    0x200001e0   COMPRESSED   0x00000014   Data   RW         1240    .data               main.o
    0x200001f4   COMPRESSED   0x0000000c   Data   RW         3204    .data               stm32f4xx_hal.o
    0x20000200   COMPRESSED   0x00000004   Data   RW         4796    .data               system_stm32f4xx.o
    0x20000204   COMPRESSED   0x00000004   Data   RW         5253    .data               mc_w.l(stdout.o)
    0x20000208   COMPRESSED   0x00000004   Data   RW         5265    .data               mc_w.l(errno.o)
    0x2000020c        -       0x00000078   Zero   RW           11    .bss                chassis_task.o
    0x20000284        -       0x000000b0   Zero   RW          359    .bss                app_navigate.o
    0x20000334        -       0x0000004c   Zero   RW          490    .bss                coord_solver.o
    0x20000380        -       0x00002b10   Zero   RW          542    .bss                map_manager.o
    0x20002e90        -       0x00000724   Zero   RW          610    .bss                path_planner.o
    0x200035b4        -       0x00011a78   Zero   RW          893    .bss                bsp_lidar.o
    0x2001502c        -       0x00000060   Zero   RW         1047    .bss                bsp_uart.o
    0x2001508c        -       0x00000038   Zero   RW         1113    .bss                bsp_uwb.o
    0x200150c4   COMPRESSED   0x00000004   PAD
    0x200150c8        -       0x00000060   Zero   RW         1178    .bss                mpu6050.o
    0x20015128        -       0x00000054   Zero   RW         1325    .bss                i2c.o
    0x2001517c        -       0x00000168   Zero   RW         1374    .bss                tim.o
    0x200152e4        -       0x00000198   Zero   RW         1453    .bss                usart.o
    0x2001547c   COMPRESSED   0x00000004   PAD
    0x20015480        -       0x00000400   Zero   RW         1635    STACK               startup_stm32f411xe.o


==============================================================================

Image component sizes


      Code (inc. data)   RO Data    RW Data    ZI Data      Debug   Object Name

       224         90          0          0          0       4771   app_init.o
      3506        584          0        102        176      16715   app_navigate.o
      1244        268          0         40          0      10074   bsp_callbacks.o
       380         68          0         44          0       4563   bsp_encoder.o
       934         88        256         12      72312       8069   bsp_lidar.o
       406         24          0          0          0       3483   bsp_motor.o
      1086         88          0         12         96       6854   bsp_uart.o
      2052        160         24         72         56       9199   bsp_uwb.o
       512         70          0         36        120     432702   chassis_task.o
       948         30         36          0         76       4064   coord_solver.o
        76          4          0          0          0        850   dma.o
       168         12          0          0          0       1007   gpio.o
       168         26          0          0         84       1753   i2c.o
        88         12          0          0          0       1530   kinematics.o
      1200        188        134         20          0       3376   main.o
      1120         28        244          0      11024       3849   map_manager.o
      1550        130          0        152         96       4886   mpu6050.o
      1362        100         57          5       1828       9782   path_planner.o
       280          6          0          0          0       3745   pid.o
        36          8        408          0       1024        820   startup_stm32f411xe.o
       184         28          0         12          0       9413   stm32f4xx_hal.o
       198         14          0          0          0      34059   stm32f4xx_hal_cortex.o
      1170         14          8          0          0       7670   stm32f4xx_hal_dma.o
       454         34          0          0          0       2993   stm32f4xx_hal_gpio.o
      2628         46          0          0          0      12938   stm32f4xx_hal_i2c.o
        48          6          0          0          0        882   stm32f4xx_hal_msp.o
      1476         80          0          0          0       6480   stm32f4xx_hal_rcc.o
      2234         92          0          0          0      19595   stm32f4xx_hal_tim.o
       212         22          0          0          0       3497   stm32f4xx_hal_tim_ex.o
      2214         30          0          0          0      18130   stm32f4xx_hal_uart.o
       116         34          0          0          0       7907   stm32f4xx_it.o
        16          4         24          4          0       1183   system_stm32f4xx.o
      1048         92          0          0        360       6272   tim.o
       596         58          0          0        408       3454   usart.o

    ----------------------------------------------------------------------
     29986       2538       1228        516      87668     666565   Object Totals
         0          0         32          0          0          0   (incl. Generated)
        52          0          5          5          8          0   (incl. Padding)

    ----------------------------------------------------------------------

      Code (inc. data)   RO Data    RW Data    ZI Data      Debug   Library Member Name

       744        106        152          0          0        352   atan.o
       512         64          0          0          0        208   atan2.o
       336         56          0          0          0        136   cosf.o
        72          8          0          0          0        372   dunder.o
        44          0          0          0          0        248   fabs.o
        48          0          0          0          0        124   fpclassify.o
        38          0          0          0          0        116   fpclassifyf.o
        38         12          0          0          0        348   funder.o
       248          0          0          0          0        152   poly.o
         0          0          8          0          0          0   qnan.o
       340         24         32          0          0        160   rredf.o
       400         56          0          0          0        212   sinf.o
       122          0          0          0          0        148   sqrt.o
        58          0          0          0          0        136   sqrtf.o
        86          0          0          0          0          0   __dczerorl2.o
         0          0          0          0          0          0   entry.o
         0          0          0          0          0          0   entry10a.o
         0          0          0          0          0          0   entry11a.o
         4          0          0          0          0          0   entry12b.o
         8          4          0          0          0          0   entry2.o
         4          0          0          0          0          0   entry5.o
         0          0          0          0          0          0   entry7b.o
         0          0          0          0          0          0   entry8b.o
         8          4          0          0          0          0   entry9a.o
        12          6          0          4          0         68   errno.o
        30          0          0          0          0          0   handlers.o
        36          8          0          0          0         68   init.o
         0          0          0          0          0          0   iusefp.o
        30          0          0          0          0         68   llshl.o
        36          0          0          0          0         68   llsshr.o
        32          0          0          0          0         68   llushr.o
        36          0          0          0          0         68   memcpya.o
        36          0          0          0          0        108   memseta.o
      2218         90          0          0          0        464   printfa.o
         0          0          0          4          0          0   stdout.o
        44          0          0          0          0         80   uidiv.o
        98          0          0          0          0         92   uldiv.o
        48          0          0          0          0         68   cdcmple.o
        48          0          0          0          0         68   cdrcmple.o
        56          0          0          0          0         88   d2f.o
       334          0          0          0          0        148   dadd.o
       222          0          0          0          0        100   ddiv.o
       186          0          0          0          0        176   depilogue.o
        48          0          0          0          0         68   dfixul.o
        34          0          0          0          0         76   dflti.o
        26          0          0          0          0         76   dfltui.o
       228          0          0          0          0         96   dmul.o
       162          0          0          0          0        100   dsqrt.o
        38          0          0          0          0         68   f2d.o
       110          0          0          0          0        168   fepilogue.o

    ----------------------------------------------------------------------
      7266        438        192          8          0       5164   Library Totals
         8          0          0          0          0          0   (incl. Padding)

    ----------------------------------------------------------------------

      Code (inc. data)   RO Data    RW Data    ZI Data      Debug   Library Name

      3000        326        192          0          0       2712   m_wm.l
      2718        112          0          8          0       1152   mc_w.l
      1540          0          0          0          0       1300   mf_w.l

    ----------------------------------------------------------------------
      7266        438        192          8          0       5164   Library Totals

    ----------------------------------------------------------------------

==============================================================================


      Code (inc. data)   RO Data    RW Data    ZI Data      Debug   

     37252       2976       1420        524      87668     648165   Grand Totals
     37252       2976       1420         56      87668     648165   ELF Image Totals (compressed)
     37252       2976       1420         56          0          0   ROM Totals

==============================================================================

    Total RO  Size (Code + RO Data)                38672 (  37.77kB)
    Total RW  Size (RW Data + ZI Data)             88192 (  86.13kB)
    Total ROM Size (Code + RO Data + RW Data)      38728 (  37.82kB)

==============================================================================

